<?xml version="1.0" encoding="utf-8"?>
<TestRun id="87e4e344-a4a9-414b-8f15-1dbaf07bd663" name="@pkrvmxyh4eaekms 2025-06-21 10:37:16" xmlns="http://microsoft.com/schemas/VisualStudio/TeamTest/2010">
  <Times creation="2025-06-21T10:37:16.0063257+00:00" queuing="2025-06-21T10:37:16.0063258+00:00" start="2025-06-21T10:37:14.1109910+00:00" finish="2025-06-21T10:37:29.3163501+00:00" />
  <TestSettings name="default" id="d03b219a-8de3-4309-afd1-787fa022959f">
    <Deployment runDeploymentRoot="_pkrvmxyh4eaekms_2025-06-21_10_37_16" />
  </TestSettings>
  <Results>
    <UnitTestResult executionId="071900bc-48a3-4a1c-bc65-4b23ef4b91e7" testId="759c33a5-db99-6a11-9dab-1d09f154d970" testName="IsRegExMatchIntegrationArray (&quot;foo&quot;,[],False)" computerName="pkrvmxyh4eaekms" duration="00:00:00.0000121" startTime="2025-06-21T10:37:21.0582386+00:00" endTime="2025-06-21T10:37:21.0584058+00:00" testType="13cdc9d9-ddb5-4fa4-a97d-d965ccfc6d4b" outcome="Passed" testListId="8c84fa94-04c1-424b-9868-57a2d4851a1d" relativeResultsDirectory="071900bc-48a3-4a1c-bc65-4b23ef4b91e7" />
    <UnitTestResult executionId="bf27004c-d223-44d0-982d-a6e8bc5d9f60" testId="759c33a5-db99-6a11-9dab-1d09f154d970" testName="IsRegExMatchIntegrationArray (&quot;foo&quot;,[],False)" computerName="pkrvmxyh4eaekms" duration="00:00:00.0001647" startTime="2025-06-21T10:37:21.0557532+00:00" endTime="2025-06-21T10:37:21.0560749+00:00" testType="13cdc9d9-ddb5-4fa4-a97d-d965ccfc6d4b" outcome="Passed" testListId="8c84fa94-04c1-424b-9868-57a2d4851a1d" relativeResultsDirectory="bf27004c-d223-44d0-982d-a6e8bc5d9f60" />
    <UnitTestResult executionId="d20d1ff3-429d-46ba-830a-41fd027538cd" testId="30788f73-9233-6c0e-20b9-e5e7738ce25a" testName="IsRegExMatchIntegration (null,null,True)" computerName="pkrvmxyh4eaekms" duration="00:00:00.0000128" startTime="2025-06-21T10:37:21.0519572+00:00" endTime="2025-06-21T10:37:21.0520937+00:00" testType="13cdc9d9-ddb5-4fa4-a97d-d965ccfc6d4b" outcome="Passed" testListId="8c84fa94-04c1-424b-9868-57a2d4851a1d" relativeResultsDirectory="d20d1ff3-429d-46ba-830a-41fd027538cd" />
    <UnitTestResult executionId="78e49831-a90d-4de4-b97d-7933d56b1b16" testId="d2c42fa7-f2dc-ae5f-b261-27521ecdf3d0" testName="IsRegExMatchIntegrationArray (&quot;&quot;,[null,&quot;&quot;,&quot;*&quot;,&quot;test&quot;],True)" computerName="pkrvmxyh4eaekms" duration="00:00:00.0000170" startTime="2025-06-21T10:37:21.0590359+00:00" endTime="2025-06-21T10:37:21.0592294+00:00" testType="13cdc9d9-ddb5-4fa4-a97d-d965ccfc6d4b" outcome="Passed" testListId="8c84fa94-04c1-424b-9868-57a2d4851a1d" relativeResultsDirectory="78e49831-a90d-4de4-b97d-7933d56b1b16" />
    <UnitTestResult executionId="34324710-ec4f-4c77-8660-d2ce3d0f3c62" testId="b292e116-23cd-95df-84c9-ccd9206c29c3" testName="IsRegExMatchIntegration (&quot;ydyn&quot;,&quot;*dyn*&quot;,True)" computerName="pkrvmxyh4eaekms" duration="00:00:00.0000372" startTime="2025-06-21T10:37:21.0525918+00:00" endTime="2025-06-21T10:37:21.0528203+00:00" testType="13cdc9d9-ddb5-4fa4-a97d-d965ccfc6d4b" outcome="Passed" testListId="8c84fa94-04c1-424b-9868-57a2d4851a1d" relativeResultsDirectory="34324710-ec4f-4c77-8660-d2ce3d0f3c62" />
    <UnitTestResult executionId="07a7e2b0-4c91-4fa4-8a65-fa0090fe561b" testId="c4369302-c56f-44fb-3f23-b1c04be4c3a7" testName="IsRegExMatchIntegration (&quot;foo&quot;,null,False)" computerName="pkrvmxyh4eaekms" duration="00:00:00.0000330" startTime="2025-06-21T10:37:21.0521239+00:00" endTime="2025-06-21T10:37:21.0523119+00:00" testType="13cdc9d9-ddb5-4fa4-a97d-d965ccfc6d4b" outcome="Passed" testListId="8c84fa94-04c1-424b-9868-57a2d4851a1d" relativeResultsDirectory="07a7e2b0-4c91-4fa4-8a65-fa0090fe561b" />
    <UnitTestResult executionId="9cec8d22-c4dd-4c62-96d5-43a4b4e31c7a" testId="8332f7eb-6df6-17fa-7e37-7e0b63579e68" testName="IsRegExMatchIntegration (&quot;bar&quot;,&quot;b?r&quot;,True)" computerName="pkrvmxyh4eaekms" duration="00:00:00.0004313" startTime="2025-06-21T10:37:21.0511557+00:00" endTime="2025-06-21T10:37:21.0519018+00:00" testType="13cdc9d9-ddb5-4fa4-a97d-d965ccfc6d4b" outcome="Passed" testListId="8c84fa94-04c1-424b-9868-57a2d4851a1d" relativeResultsDirectory="9cec8d22-c4dd-4c62-96d5-43a4b4e31c7a" />
    <UnitTestResult executionId="1a6847bd-deaf-4d12-81bf-d3fb8a992c40" testId="e69d8f5b-d313-f04f-5932-a62b3c1372d8" testName="IsRegExMatchIntegration (null,&quot;*&quot;,False)" computerName="pkrvmxyh4eaekms" duration="00:00:00.0000152" startTime="2025-06-21T10:37:21.0523552+00:00" endTime="2025-06-21T10:37:21.0525507+00:00" testType="13cdc9d9-ddb5-4fa4-a97d-d965ccfc6d4b" outcome="Passed" testListId="8c84fa94-04c1-424b-9868-57a2d4851a1d" relativeResultsDirectory="1a6847bd-deaf-4d12-81bf-d3fb8a992c40" />
    <UnitTestResult executionId="9f5b1c30-3195-4030-bce0-8d50cbf2a0b1" testId="f59ea59b-b653-47f6-0ef9-de66dfc6c68e" testName="IsRegExMatchIntegrationArray (null,[null,&quot;&quot;,&quot;*&quot;,&quot;test&quot;],True)" computerName="pkrvmxyh4eaekms" duration="00:00:00.0000150" startTime="2025-06-21T10:37:21.0588054+00:00" endTime="2025-06-21T10:37:21.0589996+00:00" testType="13cdc9d9-ddb5-4fa4-a97d-d965ccfc6d4b" outcome="Passed" testListId="8c84fa94-04c1-424b-9868-57a2d4851a1d" relativeResultsDirectory="9f5b1c30-3195-4030-bce0-8d50cbf2a0b1" />
    <UnitTestResult executionId="d5677941-8dbb-4cca-ab16-d1798a28c9b1" testId="eb8d22a9-258a-b1b2-581a-c04af435eac0" testName="IsRegExMatchIntegrationArray (&quot;foo&quot;,[&quot;*f*&quot;,&quot;*o&quot;,&quot;o&quot;],True)" computerName="pkrvmxyh4eaekms" duration="00:00:00.0000287" startTime="2025-06-21T10:37:21.0592746+00:00" endTime="2025-06-21T10:37:21.0594547+00:00" testType="13cdc9d9-ddb5-4fa4-a97d-d965ccfc6d4b" outcome="Passed" testListId="8c84fa94-04c1-424b-9868-57a2d4851a1d" relativeResultsDirectory="d5677941-8dbb-4cca-ab16-d1798a28c9b1" />
    <UnitTestResult executionId="1c33e6b3-44d1-405a-af4e-ae9fd6ce57db" testId="d7957730-df21-c691-a538-93b2799dc829" testName="IsRegExMatchIntegration (&quot;foo&quot;,&quot;*&quot;,True)" computerName="pkrvmxyh4eaekms" duration="00:00:00.0009365" startTime="2025-06-21T10:37:21.0493499+00:00" endTime="2025-06-21T10:37:21.0511088+00:00" testType="13cdc9d9-ddb5-4fa4-a97d-d965ccfc6d4b" outcome="Passed" testListId="8c84fa94-04c1-424b-9868-57a2d4851a1d" relativeResultsDirectory="1c33e6b3-44d1-405a-af4e-ae9fd6ce57db" />
    <UnitTestResult executionId="c3d82d26-53f5-4ef6-994e-c0eb70786cfa" testId="759c33a5-db99-6a11-9dab-1d09f154d970" testName="IsRegExMatchIntegrationArray (&quot;foo&quot;,[],False)" computerName="pkrvmxyh4eaekms" duration="00:00:00.0004201" startTime="2025-06-21T10:37:21.0530570+00:00" endTime="2025-06-21T10:37:21.0557040+00:00" testType="13cdc9d9-ddb5-4fa4-a97d-d965ccfc6d4b" outcome="Passed" testListId="8c84fa94-04c1-424b-9868-57a2d4851a1d" relativeResultsDirectory="c3d82d26-53f5-4ef6-994e-c0eb70786cfa" />
    <UnitTestResult executionId="7fa76d7a-ae3d-4996-81e8-be3b274c44cf" testId="89e140d1-765f-6ef4-2832-7f7040788513" testName="IsRegExMatchIntegrationArray (&quot;CRITFORGE.COM&quot;,[&quot;critforge.com&quot;],True)" computerName="pkrvmxyh4eaekms" duration="00:00:00.0000286" startTime="2025-06-21T10:37:21.0594845+00:00" endTime="2025-06-21T10:37:21.0596884+00:00" testType="13cdc9d9-ddb5-4fa4-a97d-d965ccfc6d4b" outcome="Passed" testListId="8c84fa94-04c1-424b-9868-57a2d4851a1d" relativeResultsDirectory="7fa76d7a-ae3d-4996-81e8-be3b274c44cf" />
    <UnitTestResult executionId="6cdd9492-261e-4ae5-8b5d-e7baffe76224" testId="f59ea59b-b653-47f6-0ef9-de66dfc6c68e" testName="IsRegExMatchIntegrationArray (null,[null,&quot;&quot;,&quot;*&quot;,&quot;test&quot;],True)" computerName="pkrvmxyh4eaekms" duration="00:00:00.0000231" startTime="2025-06-21T10:37:21.0584356+00:00" endTime="2025-06-21T10:37:21.0587741+00:00" testType="13cdc9d9-ddb5-4fa4-a97d-d965ccfc6d4b" outcome="Passed" testListId="8c84fa94-04c1-424b-9868-57a2d4851a1d" relativeResultsDirectory="6cdd9492-261e-4ae5-8b5d-e7baffe76224" />
    <UnitTestResult executionId="d4da6818-b7c8-42ce-9f50-1ed7f757149f" testId="efa609d9-2713-7b15-e1c9-c215aa9fed49" testName="TestMyMiddlewareIntegration (100)" computerName="pkrvmxyh4eaekms" duration="00:00:06.2267099" startTime="2025-06-21T10:37:14.5938054+00:00" endTime="2025-06-21T10:37:21.0414899+00:00" testType="13cdc9d9-ddb5-4fa4-a97d-d965ccfc6d4b" outcome="Passed" testListId="8c84fa94-04c1-424b-9868-57a2d4851a1d" relativeResultsDirectory="d4da6818-b7c8-42ce-9f50-1ed7f757149f">
      <Output>
        <StdOut>dbug: Microsoft.Extensions.Hosting.Internal.Host[1]
      Hosting starting
dbug: Microsoft.AspNetCore.HostFiltering.HostFilteringMiddleware[7]
      Middleware configuration started with options: {AllowedHosts = *, AllowEmptyHosts = True, IncludeFailureMessage = True}
dbug: Microsoft.AspNetCore.HostFiltering.HostFilteringMiddleware[0]
      Wildcard detected, all requests with hosts will be allowed.
warn: Microsoft.AspNetCore.Server.Kestrel.Core.KestrelServer[8]
      The ASP.NET Core developer certificate is not trusted. For information about trusting the ASP.NET Core developer certificate, see https://aka.ms/aspnet/https-trust-dev-cert
info: Microsoft.Hosting.Lifetime[14]
      Now listening on: https://localhost:5425
dbug: Microsoft.AspNetCore.Hosting.Diagnostics[13]
      Loaded hosting startup assembly testhost
info: BlackBytesBox.Routed.RequestFilters.Services.MiddlewareFailurePointService[0]
      No persisted data file found at /home/runner/work/BlackBytesBox.Routed.RequestFilters/BlackBytesBox.Routed.RequestFilters/source/BlackBytesBox.Routed.RequestFilters/BlackBytesBox.Routed.RequestFilters.Tests/bin/Release/net9.0/FailurePointsFilteringMiddleware.json.
info: BlackBytesBox.Routed.RequestFilters.Middleware.FailurePointsFilteringMiddleware[0]
      Successfully loaded persisted data during application startup.
info: Microsoft.Hosting.Lifetime[0]
      Application started. Press Ctrl+C to shut down.
info: Microsoft.Hosting.Lifetime[0]
      Hosting environment: Production
info: Microsoft.Hosting.Lifetime[0]
      Content root path: /home/runner/work/BlackBytesBox.Routed.RequestFilters/BlackBytesBox.Routed.RequestFilters/source/BlackBytesBox.Routed.RequestFilters/BlackBytesBox.Routed.RequestFilters.Tests/bin/Release/net9.0
dbug: Microsoft.AspNetCore.Server.Kestrel.Connections[39]
      Connection id "0HNDGLUBA2UQ3" accepted.
dbug: Microsoft.AspNetCore.Server.Kestrel.Connections[1]
      Connection id "0HNDGLUBA2UQ3" started.
dbug: Microsoft.AspNetCore.Server.Kestrel.Https.Internal.HttpsConnectionMiddleware[3]
      Connection 0HNDGLUBA2UQ3 established using the following protocol: Tls13
info: Microsoft.AspNetCore.Hosting.Diagnostics[1]
      Request starting HTTP/1.1 GET https://localhost:5425/ - - -
trce: Microsoft.AspNetCore.HostFiltering.HostFilteringMiddleware[2]
      All hosts are allowed.
dbug: Microsoft.AspNetCore.Routing.Matching.DfaMatcher[1001]
      1 candidate(s) found for the request path '/'
dbug: Microsoft.AspNetCore.Routing.EndpointRoutingMiddleware[1]
      Request matched endpoint 'HTTP: GET /'
trce: Microsoft.AspNetCore.Routing.EndpointRoutingMiddleware[8]
      The endpoint does not specify the IRequestSizeLimitMetadata.
dbug: BlackBytesBox.Routed.RequestFilters.Middleware.RemoteIPFilteringMiddleware[0]
      Allowed: RemoteIpAddress '::1' - continuing.
dbug: BlackBytesBox.Routed.RequestFilters.Middleware.HttpProtocolFilteringMiddleware[0]
      Allowed: protocol 'HTTP/1.1' - continuing.
dbug: BlackBytesBox.Routed.RequestFilters.Middleware.HostNameFilteringMiddleware[0]
      Whitelisted continue: host 'localhost' matched whitelisted pattern localhost.
dbug: BlackBytesBox.Routed.RequestFilters.Middleware.UserAgentFilteringMiddleware[0]
      Allowed: User-Agent 'Mozilla/5.0 (Windows NT 10.0; Win64; x64) AppleWebKit/537.36 (KHTML, like Gecko) Chrome/90.0.4430.93 Safari/537.36' - continuing.
dbug: BlackBytesBox.Routed.RequestFilters.Middleware.RequestUrlFilteringMiddleware[0]
      Allowed: requestUrl '/' - continuing.
dbug: BlackBytesBox.Routed.RequestFilters.Middleware.DnsHostNameFilteringMiddleware[0]
      Allowed: DNS host 'localhost' - continuing.
dbug: BlackBytesBox.Routed.RequestFilters.Middleware.HeaderPresentsFilteringMiddleware[0]
      Allowed: Headers 4 match  e.g. 'Host' - continuing.
dbug: BlackBytesBox.Routed.RequestFilters.Middleware.AcceptLanguageFilteringMiddleware[0]
      Allowed: Accept-Language 'de-DE' - continuing.
dbug: BlackBytesBox.Routed.RequestFilters.Middleware.SegmentFilteringMiddleware[0]
      Whitelisted continue: URL segments 'https://localhost:5425/' matched whitelisted pattern *.
dbug: BlackBytesBox.Routed.RequestFilters.Middleware.PathDeepFilteringMiddleware[0]
      Allowed: depth 0 on / - continuing.
dbug: BlackBytesBox.Routed.RequestFilters.Middleware.HeaderValuesRequiredFilteringMiddleware[0]
      Processed header 'User-Agent' with value 'Mozilla/5.0 (Windows NT 10.0; Win64; x64) AppleWebKit/537.36 (KHTML, like Gecko) Chrome/90.0.4430.93 Safari/537.36'.
dbug: BlackBytesBox.Routed.RequestFilters.Middleware.HeaderValuesRequiredFilteringMiddleware[0]
      Allowed: All required headers validated successfully. - continuing.
dbug: BlackBytesBox.Routed.RequestFilters.Middleware.FailurePointsFilteringMiddleware[0]
      Allowed: IP '::1' with 0 failures - continuing.
info: Microsoft.AspNetCore.Routing.EndpointMiddleware[0]
      Executing endpoint 'HTTP: GET /'
info: Microsoft.AspNetCore.Routing.EndpointMiddleware[1]
      Executed endpoint 'HTTP: GET /'
dbug: Microsoft.AspNetCore.Server.Kestrel.Connections[9]
      Connection id "0HNDGLUBA2UQ3" completed keep alive response.
info: Microsoft.AspNetCore.Hosting.Diagnostics[2]
      Request finished HTTP/1.1 GET https://localhost:5425/ - 200 - - 46.8991ms
info: Microsoft.AspNetCore.Hosting.Diagnostics[1]
      Request starting HTTP/1.1 GET https://localhost:5425/ - - -
trce: Microsoft.AspNetCore.HostFiltering.HostFilteringMiddleware[2]
      All hosts are allowed.
dbug: Microsoft.AspNetCore.Routing.Matching.DfaMatcher[1001]
      1 candidate(s) found for the request path '/'
dbug: Microsoft.AspNetCore.Routing.EndpointRoutingMiddleware[1]
      Request matched endpoint 'HTTP: GET /'
trce: Microsoft.AspNetCore.Routing.EndpointRoutingMiddleware[8]
      The endpoint does not specify the IRequestSizeLimitMetadata.
dbug: BlackBytesBox.Routed.RequestFilters.Middleware.RemoteIPFilteringMiddleware[0]
      Allowed: RemoteIpAddress '::1' - continuing.
dbug: BlackBytesBox.Routed.RequestFilters.Middleware.HttpProtocolFilteringMiddleware[0]
      Allowed: protocol 'HTTP/1.1' - continuing.
dbug: BlackBytesBox.Routed.RequestFilters.Middleware.HostNameFilteringMiddleware[0]
      Whitelisted continue: host 'localhost' matched whitelisted pattern localhost.
dbug: BlackBytesBox.Routed.RequestFilters.Middleware.UserAgentFilteringMiddleware[0]
      Allowed: User-Agent 'Mozilla/5.0 (Windows NT 10.0; Win64; x64) AppleWebKit/537.36 (KHTML, like Gecko) Chrome/90.0.4430.93 Safari/537.36' - continuing.
dbug: BlackBytesBox.Routed.RequestFilters.Middleware.RequestUrlFilteringMiddleware[0]
      Allowed: requestUrl '/' - continuing.
dbug: BlackBytesBox.Routed.RequestFilters.Middleware.DnsHostNameFilteringMiddleware[0]
      Allowed: DNS host 'localhost' - continuing.
dbug: BlackBytesBox.Routed.RequestFilters.Middleware.HeaderPresentsFilteringMiddleware[0]
      Allowed: Headers 4 match  e.g. 'Host' - continuing.
dbug: BlackBytesBox.Routed.RequestFilters.Middleware.AcceptLanguageFilteringMiddleware[0]
      Allowed: Accept-Language 'de-DE' - continuing.
dbug: BlackBytesBox.Routed.RequestFilters.Middleware.SegmentFilteringMiddleware[0]
      Whitelisted continue: URL segments 'https://localhost:5425/' matched whitelisted pattern *.
dbug: BlackBytesBox.Routed.RequestFilters.Middleware.PathDeepFilteringMiddleware[0]
      Allowed: depth 0 on / - continuing.
dbug: BlackBytesBox.Routed.RequestFilters.Middleware.HeaderValuesRequiredFilteringMiddleware[0]
      Processed header 'User-Agent' with value 'Mozilla/5.0 (Windows NT 10.0; Win64; x64) AppleWebKit/537.36 (KHTML, like Gecko) Chrome/90.0.4430.93 Safari/537.36'.
dbug: BlackBytesBox.Routed.RequestFilters.Middleware.HeaderValuesRequiredFilteringMiddleware[0]
      Allowed: All required headers validated successfully. - continuing.
dbug: BlackBytesBox.Routed.RequestFilters.Middleware.FailurePointsFilteringMiddleware[0]
      Allowed: IP '::1' with 0 failures - continuing.
info: Microsoft.AspNetCore.Routing.EndpointMiddleware[0]
      Executing endpoint 'HTTP: GET /'
info: Microsoft.AspNetCore.Routing.EndpointMiddleware[1]
      Executed endpoint 'HTTP: GET /'
dbug: Microsoft.AspNetCore.Server.Kestrel.Connections[9]
      Connection id "0HNDGLUBA2UQ3" completed keep alive response.
info: Microsoft.AspNetCore.Hosting.Diagnostics[2]
      Request finished HTTP/1.1 GET https://localhost:5425/ - 200 - - 2.1652ms
info: Microsoft.AspNetCore.Hosting.Diagnostics[1]
      Request starting HTTP/1.1 GET https://localhost:5425/ - - -
trce: Microsoft.AspNetCore.HostFiltering.HostFilteringMiddleware[2]
      All hosts are allowed.
dbug: Microsoft.AspNetCore.Routing.Matching.DfaMatcher[1001]
      1 candidate(s) found for the request path '/'
dbug: Microsoft.AspNetCore.Routing.EndpointRoutingMiddleware[1]
      Request matched endpoint 'HTTP: GET /'
trce: Microsoft.AspNetCore.Routing.EndpointRoutingMiddleware[8]
      The endpoint does not specify the IRequestSizeLimitMetadata.
dbug: BlackBytesBox.Routed.RequestFilters.Middleware.RemoteIPFilteringMiddleware[0]
      Allowed: RemoteIpAddress '::1' - continuing.
dbug: BlackBytesBox.Routed.RequestFilters.Middleware.HttpProtocolFilteringMiddleware[0]
      Allowed: protocol 'HTTP/1.1' - continuing.
dbug: BlackBytesBox.Routed.RequestFilters.Middleware.HostNameFilteringMiddleware[0]
      Whitelisted continue: host 'localhost' matched whitelisted pattern localhost.
dbug: BlackBytesBox.Routed.RequestFilters.Middleware.UserAgentFilteringMiddleware[0]
      Allowed: User-Agent 'Mozilla/5.0 (Windows NT 10.0; Win64; x64) AppleWebKit/537.36 (KHTML, like Gecko) Chrome/90.0.4430.93 Safari/537.36' - continuing.
dbug: BlackBytesBox.Routed.RequestFilters.Middleware.RequestUrlFilteringMiddleware[0]
      Allowed: requestUrl '/' - continuing.
dbug: BlackBytesBox.Routed.RequestFilters.Middleware.DnsHostNameFilteringMiddleware[0]
      Allowed: DNS host 'localhost' - continuing.
dbug: BlackBytesBox.Routed.RequestFilters.Middleware.HeaderPresentsFilteringMiddleware[0]
      Allowed: Headers 4 match  e.g. 'Host' - continuing.
dbug: BlackBytesBox.Routed.RequestFilters.Middleware.AcceptLanguageFilteringMiddleware[0]
      Allowed: Accept-Language 'de-DE' - continuing.
dbug: BlackBytesBox.Routed.RequestFilters.Middleware.SegmentFilteringMiddleware[0]
      Whitelisted continue: URL segments 'https://localhost:5425/' matched whitelisted pattern *.
dbug: BlackBytesBox.Routed.RequestFilters.Middleware.PathDeepFilteringMiddleware[0]
      Allowed: depth 0 on / - continuing.
dbug: BlackBytesBox.Routed.RequestFilters.Middleware.HeaderValuesRequiredFilteringMiddleware[0]
      Processed header 'User-Agent' with value 'Mozilla/5.0 (Windows NT 10.0; Win64; x64) AppleWebKit/537.36 (KHTML, like Gecko) Chrome/90.0.4430.93 Safari/537.36'.
dbug: BlackBytesBox.Routed.RequestFilters.Middleware.HeaderValuesRequiredFilteringMiddleware[0]
      Allowed: All required headers validated successfully. - continuing.
dbug: BlackBytesBox.Routed.RequestFilters.Middleware.FailurePointsFilteringMiddleware[0]
      Allowed: IP '::1' with 0 failures - continuing.
info: Microsoft.AspNetCore.Routing.EndpointMiddleware[0]
      Executing endpoint 'HTTP: GET /'
info: Microsoft.AspNetCore.Routing.EndpointMiddleware[1]
      Executed endpoint 'HTTP: GET /'
dbug: Microsoft.AspNetCore.Server.Kestrel.Connections[9]
      Connection id "0HNDGLUBA2UQ3" completed keep alive response.
info: Microsoft.AspNetCore.Hosting.Diagnostics[2]
      Request finished HTTP/1.1 GET https://localhost:5425/ - 200 - - 1.5789ms
dbug: Microsoft.AspNetCore.Server.Kestrel.Transport.Sockets[6]
      Connection id "0HNDGLUBA2UQ3" received FIN.
dbug: Microsoft.AspNetCore.Server.Kestrel.Transport.Sockets[7]
      Connection id "0HNDGLUBA2UQ3" sending FIN because: "The Socket transport's send loop completed gracefully."
dbug: Microsoft.AspNetCore.Server.Kestrel.Connections[10]
      Connection id "0HNDGLUBA2UQ3" disconnecting.</StdOut>
      </Output>
    </UnitTestResult>
    <UnitTestResult executionId="7326f762-4633-49d3-a33a-2b1094ed1fb3" testId="f817e4b5-d075-ea42-49a1-c565a73bb2f9" testName="IsRegExMatchIntegration (&quot;https:///&quot;)" computerName="pkrvmxyh4eaekms" duration="00:00:00.0121122" startTime="2025-06-21T10:37:14.5567806+00:00" endTime="2025-06-21T10:37:14.5898271+00:00" testType="13cdc9d9-ddb5-4fa4-a97d-d965ccfc6d4b" outcome="Passed" testListId="8c84fa94-04c1-424b-9868-57a2d4851a1d" relativeResultsDirectory="7326f762-4633-49d3-a33a-2b1094ed1fb3" />
    <UnitTestResult executionId="330d410b-fa3a-459f-8826-e5895b4e038a" testId="0120bcc0-0f50-9225-3552-7c8effeebf0b" testName="IsRegExMatchIntegrationArray (&quot;foo&quot;,null,False)" computerName="pkrvmxyh4eaekms" duration="00:00:00.0000170" startTime="2025-06-21T10:37:21.0579965+00:00" endTime="2025-06-21T10:37:21.0581793+00:00" testType="13cdc9d9-ddb5-4fa4-a97d-d965ccfc6d4b" outcome="Passed" testListId="8c84fa94-04c1-424b-9868-57a2d4851a1d" relativeResultsDirectory="330d410b-fa3a-459f-8826-e5895b4e038a" />
    <UnitTestResult executionId="0e45bc0f-89f8-46ae-80d4-55513ac1573d" testId="df895dc0-2ccb-846a-e0ae-c35dd3884995" testName="TestMyMiddlewareIntegration (100)" computerName="pkrvmxyh4eaekms" duration="00:00:08.1174901" startTime="2025-06-21T10:37:21.0597245+00:00" endTime="2025-06-21T10:37:29.2553938+00:00" testType="13cdc9d9-ddb5-4fa4-a97d-d965ccfc6d4b" outcome="Passed" testListId="8c84fa94-04c1-424b-9868-57a2d4851a1d" relativeResultsDirectory="0e45bc0f-89f8-46ae-80d4-55513ac1573d">
      <Output>
        <StdOut>dbug: Microsoft.Extensions.Hosting.Internal.Host[1]
      Hosting starting
dbug: Microsoft.AspNetCore.HostFiltering.HostFilteringMiddleware[7]
      Middleware configuration started with options: {AllowedHosts = *, AllowEmptyHosts = True, IncludeFailureMessage = True}
dbug: Microsoft.AspNetCore.HostFiltering.HostFilteringMiddleware[0]
      Wildcard detected, all requests with hosts will be allowed.
warn: Microsoft.AspNetCore.Server.Kestrel.Core.KestrelServer[8]
      The ASP.NET Core developer certificate is not trusted. For information about trusting the ASP.NET Core developer certificate, see https://aka.ms/aspnet/https-trust-dev-cert
info: Microsoft.Hosting.Lifetime[14]
      Now listening on: https://localhost:5426
dbug: Microsoft.AspNetCore.Hosting.Diagnostics[13]
      Loaded hosting startup assembly testhost
info: BlackBytesBox.Routed.RequestFilters.Services.MiddlewareFailurePointService[0]
      No persisted data file found at /home/runner/work/BlackBytesBox.Routed.RequestFilters/BlackBytesBox.Routed.RequestFilters/source/BlackBytesBox.Routed.RequestFilters/BlackBytesBox.Routed.RequestFilters.Tests/bin/Release/net9.0/FailurePointsFilteringMiddleware.json.
info: BlackBytesBox.Routed.RequestFilters.Middleware.FailurePointsFilteringMiddleware[0]
      Successfully loaded persisted data during application startup.
info: Microsoft.Hosting.Lifetime[0]
      Application started. Press Ctrl+C to shut down.
info: Microsoft.Hosting.Lifetime[0]
      Hosting environment: Production
info: Microsoft.Hosting.Lifetime[0]
      Content root path: /home/runner/work/BlackBytesBox.Routed.RequestFilters/BlackBytesBox.Routed.RequestFilters/source/BlackBytesBox.Routed.RequestFilters/BlackBytesBox.Routed.RequestFilters.Tests/bin/Release/net9.0
dbug: Microsoft.AspNetCore.Server.Kestrel.Connections[39]
      Connection id "0HNDGLUBA2UQ4" accepted.
dbug: Microsoft.AspNetCore.Server.Kestrel.Connections[1]
      Connection id "0HNDGLUBA2UQ4" started.
dbug: Microsoft.AspNetCore.Server.Kestrel.Https.Internal.HttpsConnectionMiddleware[3]
      Connection 0HNDGLUBA2UQ4 established using the following protocol: Tls13
info: Microsoft.AspNetCore.Hosting.Diagnostics[1]
      Request starting HTTP/1.1 GET https://localhost:5426/home - - -
trce: Microsoft.AspNetCore.HostFiltering.HostFilteringMiddleware[2]
      All hosts are allowed.
dbug: Microsoft.AspNetCore.Routing.Matching.DfaMatcher[1001]
      1 candidate(s) found for the request path '/home'
dbug: Microsoft.AspNetCore.Routing.EndpointRoutingMiddleware[1]
      Request matched endpoint 'HTTP: GET /home'
trce: Microsoft.AspNetCore.Routing.EndpointRoutingMiddleware[8]
      The endpoint does not specify the IRequestSizeLimitMetadata.
dbug: BlackBytesBox.Routed.RequestFilters.Middleware.RemoteIPFilteringMiddleware[0]
      Allowed: RemoteIpAddress '::1' - continuing.
dbug: BlackBytesBox.Routed.RequestFilters.Middleware.CIDRFilteringMiddleware[0]
      Bypassing CIDR filtering for localhost.
dbug: BlackBytesBox.Routed.RequestFilters.Middleware.SegmentFilteringMiddleware[0]
      Whitelisted continue: URL segments 'https://localhost:5426/home' matched whitelisted pattern *.
dbug: BlackBytesBox.Routed.RequestFilters.Middleware.FailurePointsFilteringMiddleware[0]
      Allowed: IP '::1' with 0 failures - continuing.
info: Microsoft.AspNetCore.Routing.EndpointMiddleware[0]
      Executing endpoint 'HTTP: GET /home'
info: Microsoft.AspNetCore.Routing.EndpointMiddleware[1]
      Executed endpoint 'HTTP: GET /home'
dbug: Microsoft.AspNetCore.Server.Kestrel.Connections[9]
      Connection id "0HNDGLUBA2UQ4" completed keep alive response.
info: Microsoft.AspNetCore.Hosting.Diagnostics[2]
      Request finished HTTP/1.1 GET https://localhost:5426/home - 200 - - 5.0831ms
info: Microsoft.AspNetCore.Hosting.Diagnostics[1]
      Request starting HTTP/1.1 GET https://localhost:5426/home/fooa - - -
trce: Microsoft.AspNetCore.HostFiltering.HostFilteringMiddleware[2]
      All hosts are allowed.
dbug: Microsoft.AspNetCore.Routing.Matching.DfaMatcher[1001]
      1 candidate(s) found for the request path '/home/fooa'
dbug: Microsoft.AspNetCore.Routing.EndpointRoutingMiddleware[1]
      Request matched endpoint 'HTTP: GET /home/fooa'
trce: Microsoft.AspNetCore.Routing.EndpointRoutingMiddleware[8]
      The endpoint does not specify the IRequestSizeLimitMetadata.
dbug: BlackBytesBox.Routed.RequestFilters.Middleware.RemoteIPFilteringMiddleware[0]
      Allowed: RemoteIpAddress '::1' - continuing.
dbug: BlackBytesBox.Routed.RequestFilters.Middleware.CIDRFilteringMiddleware[0]
      Bypassing CIDR filtering for localhost.
dbug: BlackBytesBox.Routed.RequestFilters.Middleware.SegmentFilteringMiddleware[0]
      Whitelisted continue: URL segments 'https://localhost:5426/home/fooa' matched whitelisted pattern *.
dbug: BlackBytesBox.Routed.RequestFilters.Middleware.FailurePointsFilteringMiddleware[0]
      Allowed: IP '::1' with 0 failures - continuing.
info: Microsoft.AspNetCore.Routing.EndpointMiddleware[0]
      Executing endpoint 'HTTP: GET /home/fooa'
info: Microsoft.AspNetCore.Routing.EndpointMiddleware[1]
      Executed endpoint 'HTTP: GET /home/fooa'
dbug: Microsoft.AspNetCore.Server.Kestrel.Connections[9]
      Connection id "0HNDGLUBA2UQ4" completed keep alive response.
info: Microsoft.AspNetCore.Hosting.Diagnostics[2]
      Request finished HTTP/1.1 GET https://localhost:5426/home/fooa - 200 - - 1.2578ms
info: Microsoft.AspNetCore.Hosting.Diagnostics[1]
      Request starting HTTP/1.1 GET https://localhost:5426/ - - -
trce: Microsoft.AspNetCore.HostFiltering.HostFilteringMiddleware[2]
      All hosts are allowed.
dbug: Microsoft.AspNetCore.Routing.Matching.DfaMatcher[1001]
      1 candidate(s) found for the request path '/'
dbug: Microsoft.AspNetCore.Routing.EndpointRoutingMiddleware[1]
      Request matched endpoint 'HTTP: GET /'
trce: Microsoft.AspNetCore.Routing.EndpointRoutingMiddleware[8]
      The endpoint does not specify the IRequestSizeLimitMetadata.
dbug: BlackBytesBox.Routed.RequestFilters.Middleware.RemoteIPFilteringMiddleware[0]
      Allowed: RemoteIpAddress '::1' - continuing.
dbug: BlackBytesBox.Routed.RequestFilters.Middleware.CIDRFilteringMiddleware[0]
      Bypassing CIDR filtering for localhost.
dbug: BlackBytesBox.Routed.RequestFilters.Middleware.SegmentFilteringMiddleware[0]
      Whitelisted continue: URL segments 'https://localhost:5426/' matched whitelisted pattern *.
dbug: BlackBytesBox.Routed.RequestFilters.Middleware.FailurePointsFilteringMiddleware[0]
      Allowed: IP '::1' with 0 failures - continuing.
info: Microsoft.AspNetCore.Routing.EndpointMiddleware[0]
      Executing endpoint 'HTTP: GET /'
info: Microsoft.AspNetCore.Routing.EndpointMiddleware[1]
      Executed endpoint 'HTTP: GET /'
dbug: Microsoft.AspNetCore.Server.Kestrel.Connections[9]
      Connection id "0HNDGLUBA2UQ4" completed keep alive response.
info: Microsoft.AspNetCore.Hosting.Diagnostics[2]
      Request finished HTTP/1.1 GET https://localhost:5426/ - 200 - - 0.3778ms
info: Microsoft.AspNetCore.Hosting.Diagnostics[1]
      Request starting HTTP/1.1 GET https://localhost:5426/ - - -
trce: Microsoft.AspNetCore.HostFiltering.HostFilteringMiddleware[2]
      All hosts are allowed.
dbug: Microsoft.AspNetCore.Routing.Matching.DfaMatcher[1001]
      1 candidate(s) found for the request path '/'
dbug: Microsoft.AspNetCore.Routing.EndpointRoutingMiddleware[1]
      Request matched endpoint 'HTTP: GET /'
trce: Microsoft.AspNetCore.Routing.EndpointRoutingMiddleware[8]
      The endpoint does not specify the IRequestSizeLimitMetadata.
dbug: BlackBytesBox.Routed.RequestFilters.Middleware.RemoteIPFilteringMiddleware[0]
      Allowed: RemoteIpAddress '::1' - continuing.
dbug: BlackBytesBox.Routed.RequestFilters.Middleware.CIDRFilteringMiddleware[0]
      Bypassing CIDR filtering for localhost.
dbug: BlackBytesBox.Routed.RequestFilters.Middleware.SegmentFilteringMiddleware[0]
      Whitelisted continue: URL segments 'https://localhost:5426/' matched whitelisted pattern *.
dbug: BlackBytesBox.Routed.RequestFilters.Middleware.FailurePointsFilteringMiddleware[0]
      Allowed: IP '::1' with 0 failures - continuing.
info: Microsoft.AspNetCore.Routing.EndpointMiddleware[0]
      Executing endpoint 'HTTP: GET /'
info: Microsoft.AspNetCore.Routing.EndpointMiddleware[1]
      Executed endpoint 'HTTP: GET /'
dbug: Microsoft.AspNetCore.Server.Kestrel.Connections[9]
      Connection id "0HNDGLUBA2UQ4" completed keep alive response.
info: Microsoft.AspNetCore.Hosting.Diagnostics[2]
      Request finished HTTP/1.1 GET https://localhost:5426/ - 200 - - 0.4194ms
dbug: Microsoft.AspNetCore.Server.Kestrel.Transport.Sockets[6]
      Connection id "0HNDGLUBA2UQ4" received FIN.
dbug: Microsoft.AspNetCore.Server.Kestrel.Transport.Sockets[7]
      Connection id "0HNDGLUBA2UQ4" sending FIN because: "The Socket transport's send loop completed gracefully."
dbug: Microsoft.AspNetCore.Server.Kestrel.Connections[10]
      Connection id "0HNDGLUBA2UQ4" disconnecting.
dbug: Microsoft.AspNetCore.Server.Kestrel.Connections[2]
      Connection id "0HNDGLUBA2UQ4" stopped.
dbug: Microsoft.Extensions.Hosting.Internal.Host[3]
      Hosting stopping
info: BlackBytesBox.Routed.RequestFilters.Services.MiddlewareFailurePointService[0]
      Dumped failure point data to JSON file at /home/runner/work/BlackBytesBox.Routed.RequestFilters/BlackBytesBox.Routed.RequestFilters/source/BlackBytesBox.Routed.RequestFilters/BlackBytesBox.Routed.RequestFilters.Tests/bin/Release/net9.0/FailurePointsFilteringMiddleware.json
info: BlackBytesBox.Routed.RequestFilters.Middleware.FailurePointsFilteringMiddleware[0]
      Successfully dumped all data during application shutdown.
info: Microsoft.Hosting.Lifetime[0]
      Application is shutting down...
dbug: Microsoft.Extensions.Hosting.Internal.Host[4]
      Hosting stopped</StdOut>
      </Output>
    </UnitTestResult>
    <UnitTestResult executionId="1ede1fcc-70e0-4cd8-b3a6-90d6819680d7" testId="d4acf9d4-6034-e355-5f26-7bf6f871a988" testName="IsRegExMatchIntegration (&quot;dynx&quot;,&quot;*dyn*&quot;,True)" computerName="pkrvmxyh4eaekms" duration="00:00:00.0000204" startTime="2025-06-21T10:37:21.0528619+00:00" endTime="2025-06-21T10:37:21.0530261+00:00" testType="13cdc9d9-ddb5-4fa4-a97d-d965ccfc6d4b" outcome="Passed" testListId="8c84fa94-04c1-424b-9868-57a2d4851a1d" relativeResultsDirectory="1ede1fcc-70e0-4cd8-b3a6-90d6819680d7" />
  </Results>
  <TestDefinitions>
    <UnitTest name="IsRegExMatchIntegration (&quot;bar&quot;,&quot;b?r&quot;,True)" storage="/home/runner/work/blackbytesbox.routed.requestfilters/blackbytesbox.routed.requestfilters/source/blackbytesbox.routed.requestfilters/blackbytesbox.routed.requestfilters.tests/bin/release/net9.0/blackbytesbox.routed.requestfilters.tests.dll" id="8332f7eb-6df6-17fa-7e37-7e0b63579e68">
      <Execution id="9cec8d22-c4dd-4c62-96d5-43a4b4e31c7a" />
      <TestMethod codeBase="/home/runner/work/BlackBytesBox.Routed.RequestFilters/BlackBytesBox.Routed.RequestFilters/source/BlackBytesBox.Routed.RequestFilters/BlackBytesBox.Routed.RequestFilters.Tests/bin/Release/net9.0/BlackBytesBox.Routed.RequestFilters.Tests.dll" adapterTypeName="executor://mstestadapter/v2" className="BlackBytesBox.Routed.RequestFilters.Tests.RegExTests" name="IsRegExMatchIntegration" />
    </UnitTest>
    <UnitTest name="IsRegExMatchIntegrationArray (&quot;foo&quot;,null,False)" storage="/home/runner/work/blackbytesbox.routed.requestfilters/blackbytesbox.routed.requestfilters/source/blackbytesbox.routed.requestfilters/blackbytesbox.routed.requestfilters.tests/bin/release/net9.0/blackbytesbox.routed.requestfilters.tests.dll" id="0120bcc0-0f50-9225-3552-7c8effeebf0b">
      <Execution id="330d410b-fa3a-459f-8826-e5895b4e038a" />
      <TestMethod codeBase="/home/runner/work/BlackBytesBox.Routed.RequestFilters/BlackBytesBox.Routed.RequestFilters/source/BlackBytesBox.Routed.RequestFilters/BlackBytesBox.Routed.RequestFilters.Tests/bin/Release/net9.0/BlackBytesBox.Routed.RequestFilters.Tests.dll" adapterTypeName="executor://mstestadapter/v2" className="BlackBytesBox.Routed.RequestFilters.Tests.RegExTests" name="IsRegExMatchIntegrationArray" />
    </UnitTest>
    <UnitTest name="IsRegExMatchIntegration (&quot;dynx&quot;,&quot;*dyn*&quot;,True)" storage="/home/runner/work/blackbytesbox.routed.requestfilters/blackbytesbox.routed.requestfilters/source/blackbytesbox.routed.requestfilters/blackbytesbox.routed.requestfilters.tests/bin/release/net9.0/blackbytesbox.routed.requestfilters.tests.dll" id="d4acf9d4-6034-e355-5f26-7bf6f871a988">
      <Execution id="1ede1fcc-70e0-4cd8-b3a6-90d6819680d7" />
      <TestMethod codeBase="/home/runner/work/BlackBytesBox.Routed.RequestFilters/BlackBytesBox.Routed.RequestFilters/source/BlackBytesBox.Routed.RequestFilters/BlackBytesBox.Routed.RequestFilters.Tests/bin/Release/net9.0/BlackBytesBox.Routed.RequestFilters.Tests.dll" adapterTypeName="executor://mstestadapter/v2" className="BlackBytesBox.Routed.RequestFilters.Tests.RegExTests" name="IsRegExMatchIntegration" />
    </UnitTest>
    <UnitTest name="IsRegExMatchIntegration (&quot;ydyn&quot;,&quot;*dyn*&quot;,True)" storage="/home/runner/work/blackbytesbox.routed.requestfilters/blackbytesbox.routed.requestfilters/source/blackbytesbox.routed.requestfilters/blackbytesbox.routed.requestfilters.tests/bin/release/net9.0/blackbytesbox.routed.requestfilters.tests.dll" id="b292e116-23cd-95df-84c9-ccd9206c29c3">
      <Execution id="34324710-ec4f-4c77-8660-d2ce3d0f3c62" />
      <TestMethod codeBase="/home/runner/work/BlackBytesBox.Routed.RequestFilters/BlackBytesBox.Routed.RequestFilters/source/BlackBytesBox.Routed.RequestFilters/BlackBytesBox.Routed.RequestFilters.Tests/bin/Release/net9.0/BlackBytesBox.Routed.RequestFilters.Tests.dll" adapterTypeName="executor://mstestadapter/v2" className="BlackBytesBox.Routed.RequestFilters.Tests.RegExTests" name="IsRegExMatchIntegration" />
    </UnitTest>
    <UnitTest name="IsRegExMatchIntegration (null,&quot;*&quot;,False)" storage="/home/runner/work/blackbytesbox.routed.requestfilters/blackbytesbox.routed.requestfilters/source/blackbytesbox.routed.requestfilters/blackbytesbox.routed.requestfilters.tests/bin/release/net9.0/blackbytesbox.routed.requestfilters.tests.dll" id="e69d8f5b-d313-f04f-5932-a62b3c1372d8">
      <Execution id="1a6847bd-deaf-4d12-81bf-d3fb8a992c40" />
      <TestMethod codeBase="/home/runner/work/BlackBytesBox.Routed.RequestFilters/BlackBytesBox.Routed.RequestFilters/source/BlackBytesBox.Routed.RequestFilters/BlackBytesBox.Routed.RequestFilters.Tests/bin/Release/net9.0/BlackBytesBox.Routed.RequestFilters.Tests.dll" adapterTypeName="executor://mstestadapter/v2" className="BlackBytesBox.Routed.RequestFilters.Tests.RegExTests" name="IsRegExMatchIntegration" />
    </UnitTest>
    <UnitTest name="IsRegExMatchIntegrationArray (&quot;&quot;,[null,&quot;&quot;,&quot;*&quot;,&quot;test&quot;],True)" storage="/home/runner/work/blackbytesbox.routed.requestfilters/blackbytesbox.routed.requestfilters/source/blackbytesbox.routed.requestfilters/blackbytesbox.routed.requestfilters.tests/bin/release/net9.0/blackbytesbox.routed.requestfilters.tests.dll" id="d2c42fa7-f2dc-ae5f-b261-27521ecdf3d0">
      <Execution id="78e49831-a90d-4de4-b97d-7933d56b1b16" />
      <TestMethod codeBase="/home/runner/work/BlackBytesBox.Routed.RequestFilters/BlackBytesBox.Routed.RequestFilters/source/BlackBytesBox.Routed.RequestFilters/BlackBytesBox.Routed.RequestFilters.Tests/bin/Release/net9.0/BlackBytesBox.Routed.RequestFilters.Tests.dll" adapterTypeName="executor://mstestadapter/v2" className="BlackBytesBox.Routed.RequestFilters.Tests.RegExTests" name="IsRegExMatchIntegrationArray" />
    </UnitTest>
    <UnitTest name="IsRegExMatchIntegration (null,null,True)" storage="/home/runner/work/blackbytesbox.routed.requestfilters/blackbytesbox.routed.requestfilters/source/blackbytesbox.routed.requestfilters/blackbytesbox.routed.requestfilters.tests/bin/release/net9.0/blackbytesbox.routed.requestfilters.tests.dll" id="30788f73-9233-6c0e-20b9-e5e7738ce25a">
      <Execution id="d20d1ff3-429d-46ba-830a-41fd027538cd" />
      <TestMethod codeBase="/home/runner/work/BlackBytesBox.Routed.RequestFilters/BlackBytesBox.Routed.RequestFilters/source/BlackBytesBox.Routed.RequestFilters/BlackBytesBox.Routed.RequestFilters.Tests/bin/Release/net9.0/BlackBytesBox.Routed.RequestFilters.Tests.dll" adapterTypeName="executor://mstestadapter/v2" className="BlackBytesBox.Routed.RequestFilters.Tests.RegExTests" name="IsRegExMatchIntegration" />
    </UnitTest>
    <UnitTest name="IsRegExMatchIntegrationArray (&quot;foo&quot;,[],False)" storage="/home/runner/work/blackbytesbox.routed.requestfilters/blackbytesbox.routed.requestfilters/source/blackbytesbox.routed.requestfilters/blackbytesbox.routed.requestfilters.tests/bin/release/net9.0/blackbytesbox.routed.requestfilters.tests.dll" id="759c33a5-db99-6a11-9dab-1d09f154d970">
      <Execution id="c3d82d26-53f5-4ef6-994e-c0eb70786cfa" />
      <TestMethod codeBase="/home/runner/work/BlackBytesBox.Routed.RequestFilters/BlackBytesBox.Routed.RequestFilters/source/BlackBytesBox.Routed.RequestFilters/BlackBytesBox.Routed.RequestFilters.Tests/bin/Release/net9.0/BlackBytesBox.Routed.RequestFilters.Tests.dll" adapterTypeName="executor://mstestadapter/v2" className="BlackBytesBox.Routed.RequestFilters.Tests.RegExTests" name="IsRegExMatchIntegrationArray" />
    </UnitTest>
    <UnitTest name="IsRegExMatchIntegrationArray (null,[null,&quot;&quot;,&quot;*&quot;,&quot;test&quot;],True)" storage="/home/runner/work/blackbytesbox.routed.requestfilters/blackbytesbox.routed.requestfilters/source/blackbytesbox.routed.requestfilters/blackbytesbox.routed.requestfilters.tests/bin/release/net9.0/blackbytesbox.routed.requestfilters.tests.dll" id="f59ea59b-b653-47f6-0ef9-de66dfc6c68e">
      <Execution id="6cdd9492-261e-4ae5-8b5d-e7baffe76224" />
      <TestMethod codeBase="/home/runner/work/BlackBytesBox.Routed.RequestFilters/BlackBytesBox.Routed.RequestFilters/source/BlackBytesBox.Routed.RequestFilters/BlackBytesBox.Routed.RequestFilters.Tests/bin/Release/net9.0/BlackBytesBox.Routed.RequestFilters.Tests.dll" adapterTypeName="executor://mstestadapter/v2" className="BlackBytesBox.Routed.RequestFilters.Tests.RegExTests" name="IsRegExMatchIntegrationArray" />
    </UnitTest>
    <UnitTest name="TestMyMiddlewareIntegration (100)" storage="/home/runner/work/blackbytesbox.routed.requestfilters/blackbytesbox.routed.requestfilters/source/blackbytesbox.routed.requestfilters/blackbytesbox.routed.requestfilters.tests/bin/release/net9.0/blackbytesbox.routed.requestfilters.tests.dll" id="df895dc0-2ccb-846a-e0ae-c35dd3884995">
      <Execution id="0e45bc0f-89f8-46ae-80d4-55513ac1573d" />
      <TestMethod codeBase="/home/runner/work/BlackBytesBox.Routed.RequestFilters/BlackBytesBox.Routed.RequestFilters/source/BlackBytesBox.Routed.RequestFilters/BlackBytesBox.Routed.RequestFilters.Tests/bin/Release/net9.0/BlackBytesBox.Routed.RequestFilters.Tests.dll" adapterTypeName="executor://mstestadapter/v2" className="BlackBytesBox.Routed.RequestFilters.Tests.SegmentFilteringMiddlewareIntegrationTests" name="TestMyMiddlewareIntegration" />
    </UnitTest>
    <UnitTest name="TestMyMiddlewareIntegration (100)" storage="/home/runner/work/blackbytesbox.routed.requestfilters/blackbytesbox.routed.requestfilters/source/blackbytesbox.routed.requestfilters/blackbytesbox.routed.requestfilters.tests/bin/release/net9.0/blackbytesbox.routed.requestfilters.tests.dll" id="efa609d9-2713-7b15-e1c9-c215aa9fed49">
      <Execution id="d4da6818-b7c8-42ce-9f50-1ed7f757149f" />
      <TestMethod codeBase="/home/runner/work/BlackBytesBox.Routed.RequestFilters/BlackBytesBox.Routed.RequestFilters/source/BlackBytesBox.Routed.RequestFilters/BlackBytesBox.Routed.RequestFilters.Tests/bin/Release/net9.0/BlackBytesBox.Routed.RequestFilters.Tests.dll" adapterTypeName="executor://mstestadapter/v2" className="BlackBytesBox.Routed.RequestFilters.Tests.MyMiddlewareIntegrationTests" name="TestMyMiddlewareIntegration" />
    </UnitTest>
    <UnitTest name="IsRegExMatchIntegration (&quot;https:///&quot;)" storage="/home/runner/work/blackbytesbox.routed.requestfilters/blackbytesbox.routed.requestfilters/source/blackbytesbox.routed.requestfilters/blackbytesbox.routed.requestfilters.tests/bin/release/net9.0/blackbytesbox.routed.requestfilters.tests.dll" id="f817e4b5-d075-ea42-49a1-c565a73bb2f9">
      <Execution id="7326f762-4633-49d3-a33a-2b1094ed1fb3" />
      <TestMethod codeBase="/home/runner/work/BlackBytesBox.Routed.RequestFilters/BlackBytesBox.Routed.RequestFilters/source/BlackBytesBox.Routed.RequestFilters/BlackBytesBox.Routed.RequestFilters.Tests/bin/Release/net9.0/BlackBytesBox.Routed.RequestFilters.Tests.dll" adapterTypeName="executor://mstestadapter/v2" className="BlackBytesBox.Routed.RequestFilters.Tests.ContextTests" name="IsRegExMatchIntegration" />
    </UnitTest>
    <UnitTest name="IsRegExMatchIntegration (&quot;foo&quot;,null,False)" storage="/home/runner/work/blackbytesbox.routed.requestfilters/blackbytesbox.routed.requestfilters/source/blackbytesbox.routed.requestfilters/blackbytesbox.routed.requestfilters.tests/bin/release/net9.0/blackbytesbox.routed.requestfilters.tests.dll" id="c4369302-c56f-44fb-3f23-b1c04be4c3a7">
      <Execution id="07a7e2b0-4c91-4fa4-8a65-fa0090fe561b" />
      <TestMethod codeBase="/home/runner/work/BlackBytesBox.Routed.RequestFilters/BlackBytesBox.Routed.RequestFilters/source/BlackBytesBox.Routed.RequestFilters/BlackBytesBox.Routed.RequestFilters.Tests/bin/Release/net9.0/BlackBytesBox.Routed.RequestFilters.Tests.dll" adapterTypeName="executor://mstestadapter/v2" className="BlackBytesBox.Routed.RequestFilters.Tests.RegExTests" name="IsRegExMatchIntegration" />
    </UnitTest>
    <UnitTest name="IsRegExMatchIntegration (&quot;foo&quot;,&quot;*&quot;,True)" storage="/home/runner/work/blackbytesbox.routed.requestfilters/blackbytesbox.routed.requestfilters/source/blackbytesbox.routed.requestfilters/blackbytesbox.routed.requestfilters.tests/bin/release/net9.0/blackbytesbox.routed.requestfilters.tests.dll" id="d7957730-df21-c691-a538-93b2799dc829">
      <Execution id="1c33e6b3-44d1-405a-af4e-ae9fd6ce57db" />
      <TestMethod codeBase="/home/runner/work/BlackBytesBox.Routed.RequestFilters/BlackBytesBox.Routed.RequestFilters/source/BlackBytesBox.Routed.RequestFilters/BlackBytesBox.Routed.RequestFilters.Tests/bin/Release/net9.0/BlackBytesBox.Routed.RequestFilters.Tests.dll" adapterTypeName="executor://mstestadapter/v2" className="BlackBytesBox.Routed.RequestFilters.Tests.RegExTests" name="IsRegExMatchIntegration" />
    </UnitTest>
    <UnitTest name="IsRegExMatchIntegrationArray (&quot;foo&quot;,[&quot;*f*&quot;,&quot;*o&quot;,&quot;o&quot;],True)" storage="/home/runner/work/blackbytesbox.routed.requestfilters/blackbytesbox.routed.requestfilters/source/blackbytesbox.routed.requestfilters/blackbytesbox.routed.requestfilters.tests/bin/release/net9.0/blackbytesbox.routed.requestfilters.tests.dll" id="eb8d22a9-258a-b1b2-581a-c04af435eac0">
      <Execution id="d5677941-8dbb-4cca-ab16-d1798a28c9b1" />
      <TestMethod codeBase="/home/runner/work/BlackBytesBox.Routed.RequestFilters/BlackBytesBox.Routed.RequestFilters/source/BlackBytesBox.Routed.RequestFilters/BlackBytesBox.Routed.RequestFilters.Tests/bin/Release/net9.0/BlackBytesBox.Routed.RequestFilters.Tests.dll" adapterTypeName="executor://mstestadapter/v2" className="BlackBytesBox.Routed.RequestFilters.Tests.RegExTests" name="IsRegExMatchIntegrationArray" />
    </UnitTest>
    <UnitTest name="IsRegExMatchIntegrationArray (&quot;CRITFORGE.COM&quot;,[&quot;critforge.com&quot;],True)" storage="/home/runner/work/blackbytesbox.routed.requestfilters/blackbytesbox.routed.requestfilters/source/blackbytesbox.routed.requestfilters/blackbytesbox.routed.requestfilters.tests/bin/release/net9.0/blackbytesbox.routed.requestfilters.tests.dll" id="89e140d1-765f-6ef4-2832-7f7040788513">
      <Execution id="7fa76d7a-ae3d-4996-81e8-be3b274c44cf" />
      <TestMethod codeBase="/home/runner/work/BlackBytesBox.Routed.RequestFilters/BlackBytesBox.Routed.RequestFilters/source/BlackBytesBox.Routed.RequestFilters/BlackBytesBox.Routed.RequestFilters.Tests/bin/Release/net9.0/BlackBytesBox.Routed.RequestFilters.Tests.dll" adapterTypeName="executor://mstestadapter/v2" className="BlackBytesBox.Routed.RequestFilters.Tests.RegExTests" name="IsRegExMatchIntegrationArray" />
    </UnitTest>
  </TestDefinitions>
  <TestEntries>
    <TestEntry testId="759c33a5-db99-6a11-9dab-1d09f154d970" executionId="071900bc-48a3-4a1c-bc65-4b23ef4b91e7" testListId="8c84fa94-04c1-424b-9868-57a2d4851a1d" />
    <TestEntry testId="759c33a5-db99-6a11-9dab-1d09f154d970" executionId="bf27004c-d223-44d0-982d-a6e8bc5d9f60" testListId="8c84fa94-04c1-424b-9868-57a2d4851a1d" />
    <TestEntry testId="30788f73-9233-6c0e-20b9-e5e7738ce25a" executionId="d20d1ff3-429d-46ba-830a-41fd027538cd" testListId="8c84fa94-04c1-424b-9868-57a2d4851a1d" />
    <TestEntry testId="d2c42fa7-f2dc-ae5f-b261-27521ecdf3d0" executionId="78e49831-a90d-4de4-b97d-7933d56b1b16" testListId="8c84fa94-04c1-424b-9868-57a2d4851a1d" />
    <TestEntry testId="b292e116-23cd-95df-84c9-ccd9206c29c3" executionId="34324710-ec4f-4c77-8660-d2ce3d0f3c62" testListId="8c84fa94-04c1-424b-9868-57a2d4851a1d" />
    <TestEntry testId="c4369302-c56f-44fb-3f23-b1c04be4c3a7" executionId="07a7e2b0-4c91-4fa4-8a65-fa0090fe561b" testListId="8c84fa94-04c1-424b-9868-57a2d4851a1d" />
    <TestEntry testId="8332f7eb-6df6-17fa-7e37-7e0b63579e68" executionId="9cec8d22-c4dd-4c62-96d5-43a4b4e31c7a" testListId="8c84fa94-04c1-424b-9868-57a2d4851a1d" />
    <TestEntry testId="e69d8f5b-d313-f04f-5932-a62b3c1372d8" executionId="1a6847bd-deaf-4d12-81bf-d3fb8a992c40" testListId="8c84fa94-04c1-424b-9868-57a2d4851a1d" />
    <TestEntry testId="f59ea59b-b653-47f6-0ef9-de66dfc6c68e" executionId="9f5b1c30-3195-4030-bce0-8d50cbf2a0b1" testListId="8c84fa94-04c1-424b-9868-57a2d4851a1d" />
    <TestEntry testId="eb8d22a9-258a-b1b2-581a-c04af435eac0" executionId="d5677941-8dbb-4cca-ab16-d1798a28c9b1" testListId="8c84fa94-04c1-424b-9868-57a2d4851a1d" />
    <TestEntry testId="d7957730-df21-c691-a538-93b2799dc829" executionId="1c33e6b3-44d1-405a-af4e-ae9fd6ce57db" testListId="8c84fa94-04c1-424b-9868-57a2d4851a1d" />
    <TestEntry testId="759c33a5-db99-6a11-9dab-1d09f154d970" executionId="c3d82d26-53f5-4ef6-994e-c0eb70786cfa" testListId="8c84fa94-04c1-424b-9868-57a2d4851a1d" />
    <TestEntry testId="89e140d1-765f-6ef4-2832-7f7040788513" executionId="7fa76d7a-ae3d-4996-81e8-be3b274c44cf" testListId="8c84fa94-04c1-424b-9868-57a2d4851a1d" />
    <TestEntry testId="f59ea59b-b653-47f6-0ef9-de66dfc6c68e" executionId="6cdd9492-261e-4ae5-8b5d-e7baffe76224" testListId="8c84fa94-04c1-424b-9868-57a2d4851a1d" />
    <TestEntry testId="efa609d9-2713-7b15-e1c9-c215aa9fed49" executionId="d4da6818-b7c8-42ce-9f50-1ed7f757149f" testListId="8c84fa94-04c1-424b-9868-57a2d4851a1d" />
    <TestEntry testId="f817e4b5-d075-ea42-49a1-c565a73bb2f9" executionId="7326f762-4633-49d3-a33a-2b1094ed1fb3" testListId="8c84fa94-04c1-424b-9868-57a2d4851a1d" />
    <TestEntry testId="0120bcc0-0f50-9225-3552-7c8effeebf0b" executionId="330d410b-fa3a-459f-8826-e5895b4e038a" testListId="8c84fa94-04c1-424b-9868-57a2d4851a1d" />
    <TestEntry testId="df895dc0-2ccb-846a-e0ae-c35dd3884995" executionId="0e45bc0f-89f8-46ae-80d4-55513ac1573d" testListId="8c84fa94-04c1-424b-9868-57a2d4851a1d" />
    <TestEntry testId="d4acf9d4-6034-e355-5f26-7bf6f871a988" executionId="1ede1fcc-70e0-4cd8-b3a6-90d6819680d7" testListId="8c84fa94-04c1-424b-9868-57a2d4851a1d" />
  </TestEntries>
  <TestLists>
    <TestList name="Results Not in a List" id="8c84fa94-04c1-424b-9868-57a2d4851a1d" />
    <TestList name="All Loaded Results" id="19431567-8539-422a-85d7-44ee4e166bda" />
  </TestLists>
  <ResultSummary outcome="Completed">
    <Counters total="19" executed="19" passed="19" failed="0" error="0" timeout="0" aborted="0" inconclusive="0" passedButRunAborted="0" notRunnable="0" notExecuted="0" disconnected="0" warning="0" completed="0" inProgress="0" pending="0" />
  </ResultSummary>
</TestRun>