<?xml version="1.0" encoding="utf-8"?>
<TestRun id="21816184-1a87-4d1e-8020-ca2bcba4605c" name="@fv-az1712-986 2025-04-12 04:47:34" xmlns="http://microsoft.com/schemas/VisualStudio/TeamTest/2010">
  <Times creation="2025-04-12T04:47:34.5670457+00:00" queuing="2025-04-12T04:47:34.5670458+00:00" start="2025-04-12T04:47:32.6724574+00:00" finish="2025-04-12T04:47:47.8668842+00:00" />
  <TestSettings name="default" id="3c51bed4-a225-4f76-8e4c-83d190e51964">
    <Deployment runDeploymentRoot="_fv-az1712-986_2025-04-12_04_47_34" />
  </TestSettings>
  <Results>
    <UnitTestResult executionId="8416438a-f72e-4da5-a5ff-e25270a32eca" testId="759c33a5-db99-6a11-9dab-1d09f154d970" testName="IsRegExMatchIntegrationArray (&quot;foo&quot;,[],False)" computerName="fv-az1712-986" duration="00:00:00.0000141" startTime="2025-04-12T04:47:39.6092302+00:00" endTime="2025-04-12T04:47:39.6094282+00:00" testType="13cdc9d9-ddb5-4fa4-a97d-d965ccfc6d4b" outcome="Passed" testListId="8c84fa94-04c1-424b-9868-57a2d4851a1d" relativeResultsDirectory="8416438a-f72e-4da5-a5ff-e25270a32eca" />
    <UnitTestResult executionId="0e07f116-a8d6-4df6-b3fe-52fe547ee1ea" testId="759c33a5-db99-6a11-9dab-1d09f154d970" testName="IsRegExMatchIntegrationArray (&quot;foo&quot;,[],False)" computerName="fv-az1712-986" duration="00:00:00.0004076" startTime="2025-04-12T04:47:39.6040940+00:00" endTime="2025-04-12T04:47:39.6067381+00:00" testType="13cdc9d9-ddb5-4fa4-a97d-d965ccfc6d4b" outcome="Passed" testListId="8c84fa94-04c1-424b-9868-57a2d4851a1d" relativeResultsDirectory="0e07f116-a8d6-4df6-b3fe-52fe547ee1ea" />
    <UnitTestResult executionId="def02f80-7ac9-4981-95e8-773645ceb6f6" testId="eb8d22a9-258a-b1b2-581a-c04af435eac0" testName="IsRegExMatchIntegrationArray (&quot;foo&quot;,[&quot;*f*&quot;,&quot;*o&quot;,&quot;o&quot;],True)" computerName="fv-az1712-986" duration="00:00:00.0000428" startTime="2025-04-12T04:47:39.6105226+00:00" endTime="2025-04-12T04:47:39.6108013+00:00" testType="13cdc9d9-ddb5-4fa4-a97d-d965ccfc6d4b" outcome="Passed" testListId="8c84fa94-04c1-424b-9868-57a2d4851a1d" relativeResultsDirectory="def02f80-7ac9-4981-95e8-773645ceb6f6" />
    <UnitTestResult executionId="a359a9ff-efe7-4a4c-9eba-c846a4f9e126" testId="efa609d9-2713-7b15-e1c9-c215aa9fed49" testName="TestMyMiddlewareIntegration (100)" computerName="fv-az1712-986" duration="00:00:06.2284204" startTime="2025-04-12T04:47:33.1520099+00:00" endTime="2025-04-12T04:47:39.5915304+00:00" testType="13cdc9d9-ddb5-4fa4-a97d-d965ccfc6d4b" outcome="Passed" testListId="8c84fa94-04c1-424b-9868-57a2d4851a1d" relativeResultsDirectory="a359a9ff-efe7-4a4c-9eba-c846a4f9e126">
      <Output>
        <StdOut>dbug: Microsoft.Extensions.Hosting.Internal.Host[1]
      Hosting starting
dbug: Microsoft.AspNetCore.HostFiltering.HostFilteringMiddleware[7]
      Middleware configuration started with options: {AllowedHosts = *, AllowEmptyHosts = True, IncludeFailureMessage = True}
dbug: Microsoft.AspNetCore.HostFiltering.HostFilteringMiddleware[0]
      Wildcard detected, all requests with hosts will be allowed.
warn: Microsoft.AspNetCore.Server.Kestrel.Core.KestrelServer[8]
      The ASP.NET Core developer certificate is not trusted. For information about trusting the ASP.NET Core developer certificate, see https://aka.ms/aspnet/https-trust-dev-cert
info: Microsoft.Hosting.Lifetime[14]
      Now listening on: https://localhost:5425
dbug: Microsoft.AspNetCore.Hosting.Diagnostics[13]
      Loaded hosting startup assembly testhost
info: BlackBytesBox.Routed.RequestFilters.Services.MiddlewareFailurePointService[0]
      No persisted data file found at /home/runner/work/BlackBytesBox.Routed.RequestFilters/BlackBytesBox.Routed.RequestFilters/source/BlackBytesBox.Routed.RequestFilters/BlackBytesBox.Routed.RequestFilters.Tests/bin/Release/net9.0/FailurePointsFilteringMiddleware.json.
info: BlackBytesBox.Routed.RequestFilters.Middleware.FailurePointsFilteringMiddleware[0]
      Successfully loaded persisted data during application startup.
info: Microsoft.Hosting.Lifetime[0]
      Application started. Press Ctrl+C to shut down.
info: Microsoft.Hosting.Lifetime[0]
      Hosting environment: Production
info: Microsoft.Hosting.Lifetime[0]
      Content root path: /home/runner/work/BlackBytesBox.Routed.RequestFilters/BlackBytesBox.Routed.RequestFilters/source/BlackBytesBox.Routed.RequestFilters/BlackBytesBox.Routed.RequestFilters.Tests/bin/Release/net9.0
dbug: Microsoft.AspNetCore.Server.Kestrel.Connections[39]
      Connection id "0HNBPFKHSNOBK" accepted.
dbug: Microsoft.AspNetCore.Server.Kestrel.Connections[1]
      Connection id "0HNBPFKHSNOBK" started.
dbug: Microsoft.AspNetCore.Server.Kestrel.Https.Internal.HttpsConnectionMiddleware[3]
      Connection 0HNBPFKHSNOBK established using the following protocol: Tls13
info: Microsoft.AspNetCore.Hosting.Diagnostics[1]
      Request starting HTTP/1.1 GET https://localhost:5425/ - - -
trce: Microsoft.AspNetCore.HostFiltering.HostFilteringMiddleware[2]
      All hosts are allowed.
dbug: Microsoft.AspNetCore.Routing.Matching.DfaMatcher[1001]
      1 candidate(s) found for the request path '/'
dbug: Microsoft.AspNetCore.Routing.EndpointRoutingMiddleware[1]
      Request matched endpoint 'HTTP: GET /'
trce: Microsoft.AspNetCore.Routing.EndpointRoutingMiddleware[8]
      The endpoint does not specify the IRequestSizeLimitMetadata.
dbug: BlackBytesBox.Routed.RequestFilters.Middleware.RemoteIPFilteringMiddleware[0]
      Allowed: RemoteIpAddress '::1' - continuing.
dbug: BlackBytesBox.Routed.RequestFilters.Middleware.HttpProtocolFilteringMiddleware[0]
      Allowed: protocol 'HTTP/1.1' - continuing.
dbug: BlackBytesBox.Routed.RequestFilters.Middleware.HostNameFilteringMiddleware[0]
      Whitelisted continue: host 'localhost' matched whitelisted pattern localhost.
dbug: BlackBytesBox.Routed.RequestFilters.Middleware.UserAgentFilteringMiddleware[0]
      Allowed: User-Agent 'Mozilla/5.0 (Windows NT 10.0; Win64; x64) AppleWebKit/537.36 (KHTML, like Gecko) Chrome/90.0.4430.93 Safari/537.36' - continuing.
dbug: BlackBytesBox.Routed.RequestFilters.Middleware.RequestUrlFilteringMiddleware[0]
      Allowed: requestUrl '/' - continuing.
dbug: BlackBytesBox.Routed.RequestFilters.Middleware.DnsHostNameFilteringMiddleware[0]
      Allowed: DNS host 'localhost' - continuing.
dbug: BlackBytesBox.Routed.RequestFilters.Middleware.HeaderPresentsFilteringMiddleware[0]
      Allowed: Headers 4 match  e.g. 'Host' - continuing.
dbug: BlackBytesBox.Routed.RequestFilters.Middleware.AcceptLanguageFilteringMiddleware[0]
      Allowed: Accept-Language 'de-DE' - continuing.
dbug: BlackBytesBox.Routed.RequestFilters.Middleware.SegmentFilteringMiddleware[0]
      Whitelisted continue: URL segments 'https://localhost:5425/' matched whitelisted pattern *.
dbug: BlackBytesBox.Routed.RequestFilters.Middleware.PathDeepFilteringMiddleware[0]
      Allowed: depth 0 on / - continuing.
dbug: BlackBytesBox.Routed.RequestFilters.Middleware.HeaderValuesRequiredFilteringMiddleware[0]
      Processed header 'User-Agent' with value 'Mozilla/5.0 (Windows NT 10.0; Win64; x64) AppleWebKit/537.36 (KHTML, like Gecko) Chrome/90.0.4430.93 Safari/537.36'.
dbug: BlackBytesBox.Routed.RequestFilters.Middleware.HeaderValuesRequiredFilteringMiddleware[0]
      Allowed: All required headers validated successfully. - continuing.
dbug: BlackBytesBox.Routed.RequestFilters.Middleware.FailurePointsFilteringMiddleware[0]
      Allowed: IP '::1' with 0 failures - continuing.
info: Microsoft.AspNetCore.Routing.EndpointMiddleware[0]
      Executing endpoint 'HTTP: GET /'
info: Microsoft.AspNetCore.Routing.EndpointMiddleware[1]
      Executed endpoint 'HTTP: GET /'
dbug: Microsoft.AspNetCore.Server.Kestrel.Connections[9]
      Connection id "0HNBPFKHSNOBK" completed keep alive response.
info: Microsoft.AspNetCore.Hosting.Diagnostics[2]
      Request finished HTTP/1.1 GET https://localhost:5425/ - 200 - - 45.8185ms
info: Microsoft.AspNetCore.Hosting.Diagnostics[1]
      Request starting HTTP/1.1 GET https://localhost:5425/ - - -
trce: Microsoft.AspNetCore.HostFiltering.HostFilteringMiddleware[2]
      All hosts are allowed.
dbug: Microsoft.AspNetCore.Routing.Matching.DfaMatcher[1001]
      1 candidate(s) found for the request path '/'
dbug: Microsoft.AspNetCore.Routing.EndpointRoutingMiddleware[1]
      Request matched endpoint 'HTTP: GET /'
trce: Microsoft.AspNetCore.Routing.EndpointRoutingMiddleware[8]
      The endpoint does not specify the IRequestSizeLimitMetadata.
dbug: BlackBytesBox.Routed.RequestFilters.Middleware.RemoteIPFilteringMiddleware[0]
      Allowed: RemoteIpAddress '::1' - continuing.
dbug: BlackBytesBox.Routed.RequestFilters.Middleware.HttpProtocolFilteringMiddleware[0]
      Allowed: protocol 'HTTP/1.1' - continuing.
dbug: BlackBytesBox.Routed.RequestFilters.Middleware.HostNameFilteringMiddleware[0]
      Whitelisted continue: host 'localhost' matched whitelisted pattern localhost.
dbug: BlackBytesBox.Routed.RequestFilters.Middleware.UserAgentFilteringMiddleware[0]
      Allowed: User-Agent 'Mozilla/5.0 (Windows NT 10.0; Win64; x64) AppleWebKit/537.36 (KHTML, like Gecko) Chrome/90.0.4430.93 Safari/537.36' - continuing.
dbug: BlackBytesBox.Routed.RequestFilters.Middleware.RequestUrlFilteringMiddleware[0]
      Allowed: requestUrl '/' - continuing.
dbug: BlackBytesBox.Routed.RequestFilters.Middleware.DnsHostNameFilteringMiddleware[0]
      Allowed: DNS host 'localhost' - continuing.
dbug: BlackBytesBox.Routed.RequestFilters.Middleware.HeaderPresentsFilteringMiddleware[0]
      Allowed: Headers 4 match  e.g. 'Host' - continuing.
dbug: BlackBytesBox.Routed.RequestFilters.Middleware.AcceptLanguageFilteringMiddleware[0]
      Allowed: Accept-Language 'de-DE' - continuing.
dbug: BlackBytesBox.Routed.RequestFilters.Middleware.SegmentFilteringMiddleware[0]
      Whitelisted continue: URL segments 'https://localhost:5425/' matched whitelisted pattern *.
dbug: BlackBytesBox.Routed.RequestFilters.Middleware.PathDeepFilteringMiddleware[0]
      Allowed: depth 0 on / - continuing.
dbug: BlackBytesBox.Routed.RequestFilters.Middleware.HeaderValuesRequiredFilteringMiddleware[0]
      Processed header 'User-Agent' with value 'Mozilla/5.0 (Windows NT 10.0; Win64; x64) AppleWebKit/537.36 (KHTML, like Gecko) Chrome/90.0.4430.93 Safari/537.36'.
dbug: BlackBytesBox.Routed.RequestFilters.Middleware.HeaderValuesRequiredFilteringMiddleware[0]
      Allowed: All required headers validated successfully. - continuing.
dbug: BlackBytesBox.Routed.RequestFilters.Middleware.FailurePointsFilteringMiddleware[0]
      Allowed: IP '::1' with 0 failures - continuing.
info: Microsoft.AspNetCore.Routing.EndpointMiddleware[0]
      Executing endpoint 'HTTP: GET /'
info: Microsoft.AspNetCore.Routing.EndpointMiddleware[1]
      Executed endpoint 'HTTP: GET /'
dbug: Microsoft.AspNetCore.Server.Kestrel.Connections[9]
      Connection id "0HNBPFKHSNOBK" completed keep alive response.
info: Microsoft.AspNetCore.Hosting.Diagnostics[2]
      Request finished HTTP/1.1 GET https://localhost:5425/ - 200 - - 2.1932ms
info: Microsoft.AspNetCore.Hosting.Diagnostics[1]
      Request starting HTTP/1.1 GET https://localhost:5425/ - - -
trce: Microsoft.AspNetCore.HostFiltering.HostFilteringMiddleware[2]
      All hosts are allowed.
dbug: Microsoft.AspNetCore.Routing.Matching.DfaMatcher[1001]
      1 candidate(s) found for the request path '/'
dbug: Microsoft.AspNetCore.Routing.EndpointRoutingMiddleware[1]
      Request matched endpoint 'HTTP: GET /'
trce: Microsoft.AspNetCore.Routing.EndpointRoutingMiddleware[8]
      The endpoint does not specify the IRequestSizeLimitMetadata.
dbug: BlackBytesBox.Routed.RequestFilters.Middleware.RemoteIPFilteringMiddleware[0]
      Allowed: RemoteIpAddress '::1' - continuing.
dbug: BlackBytesBox.Routed.RequestFilters.Middleware.HttpProtocolFilteringMiddleware[0]
      Allowed: protocol 'HTTP/1.1' - continuing.
dbug: BlackBytesBox.Routed.RequestFilters.Middleware.HostNameFilteringMiddleware[0]
      Whitelisted continue: host 'localhost' matched whitelisted pattern localhost.
dbug: BlackBytesBox.Routed.RequestFilters.Middleware.UserAgentFilteringMiddleware[0]
      Allowed: User-Agent 'Mozilla/5.0 (Windows NT 10.0; Win64; x64) AppleWebKit/537.36 (KHTML, like Gecko) Chrome/90.0.4430.93 Safari/537.36' - continuing.
dbug: BlackBytesBox.Routed.RequestFilters.Middleware.RequestUrlFilteringMiddleware[0]
      Allowed: requestUrl '/' - continuing.
dbug: BlackBytesBox.Routed.RequestFilters.Middleware.DnsHostNameFilteringMiddleware[0]
      Allowed: DNS host 'localhost' - continuing.
dbug: BlackBytesBox.Routed.RequestFilters.Middleware.HeaderPresentsFilteringMiddleware[0]
      Allowed: Headers 4 match  e.g. 'Host' - continuing.
dbug: BlackBytesBox.Routed.RequestFilters.Middleware.AcceptLanguageFilteringMiddleware[0]
      Allowed: Accept-Language 'de-DE' - continuing.
dbug: BlackBytesBox.Routed.RequestFilters.Middleware.SegmentFilteringMiddleware[0]
      Whitelisted continue: URL segments 'https://localhost:5425/' matched whitelisted pattern *.
dbug: BlackBytesBox.Routed.RequestFilters.Middleware.PathDeepFilteringMiddleware[0]
      Allowed: depth 0 on / - continuing.
dbug: BlackBytesBox.Routed.RequestFilters.Middleware.HeaderValuesRequiredFilteringMiddleware[0]
      Processed header 'User-Agent' with value 'Mozilla/5.0 (Windows NT 10.0; Win64; x64) AppleWebKit/537.36 (KHTML, like Gecko) Chrome/90.0.4430.93 Safari/537.36'.
dbug: BlackBytesBox.Routed.RequestFilters.Middleware.HeaderValuesRequiredFilteringMiddleware[0]
      Allowed: All required headers validated successfully. - continuing.
dbug: BlackBytesBox.Routed.RequestFilters.Middleware.FailurePointsFilteringMiddleware[0]
      Allowed: IP '::1' with 0 failures - continuing.
info: Microsoft.AspNetCore.Routing.EndpointMiddleware[0]
      Executing endpoint 'HTTP: GET /'
info: Microsoft.AspNetCore.Routing.EndpointMiddleware[1]
      Executed endpoint 'HTTP: GET /'
dbug: Microsoft.AspNetCore.Server.Kestrel.Connections[9]
      Connection id "0HNBPFKHSNOBK" completed keep alive response.
info: Microsoft.AspNetCore.Hosting.Diagnostics[2]
      Request finished HTTP/1.1 GET https://localhost:5425/ - 200 - - 1.7482ms
dbug: Microsoft.AspNetCore.Server.Kestrel.Transport.Sockets[6]
      Connection id "0HNBPFKHSNOBK" received FIN.
dbug: Microsoft.AspNetCore.Server.Kestrel.Transport.Sockets[7]
      Connection id "0HNBPFKHSNOBK" sending FIN because: "The Socket transport's send loop completed gracefully."
dbug: Microsoft.AspNetCore.Server.Kestrel.Connections[10]
      Connection id "0HNBPFKHSNOBK" disconnecting.</StdOut>
      </Output>
    </UnitTestResult>
    <UnitTestResult executionId="cd4837c5-39a0-4181-8925-82053f580cde" testId="89e140d1-765f-6ef4-2832-7f7040788513" testName="IsRegExMatchIntegrationArray (&quot;CRITFORGE.COM&quot;,[&quot;critforge.com&quot;],True)" computerName="fv-az1712-986" duration="00:00:00.0000362" startTime="2025-04-12T04:47:39.6108493+00:00" endTime="2025-04-12T04:47:39.6111256+00:00" testType="13cdc9d9-ddb5-4fa4-a97d-d965ccfc6d4b" outcome="Passed" testListId="8c84fa94-04c1-424b-9868-57a2d4851a1d" relativeResultsDirectory="cd4837c5-39a0-4181-8925-82053f580cde" />
    <UnitTestResult executionId="87803b53-81fe-41ad-a57b-b2f948f88275" testId="b292e116-23cd-95df-84c9-ccd9206c29c3" testName="IsRegExMatchIntegration (&quot;ydyn&quot;,&quot;*dyn*&quot;,True)" computerName="fv-az1712-986" duration="00:00:00.0000275" startTime="2025-04-12T04:47:39.6036544+00:00" endTime="2025-04-12T04:47:39.6038624+00:00" testType="13cdc9d9-ddb5-4fa4-a97d-d965ccfc6d4b" outcome="Passed" testListId="8c84fa94-04c1-424b-9868-57a2d4851a1d" relativeResultsDirectory="87803b53-81fe-41ad-a57b-b2f948f88275" />
    <UnitTestResult executionId="73e8fb42-4539-4e06-8b24-2a4101da0fcb" testId="d7957730-df21-c691-a538-93b2799dc829" testName="IsRegExMatchIntegration (&quot;foo&quot;,&quot;*&quot;,True)" computerName="fv-az1712-986" duration="00:00:00.0012646" startTime="2025-04-12T04:47:39.5994454+00:00" endTime="2025-04-12T04:47:39.6017416+00:00" testType="13cdc9d9-ddb5-4fa4-a97d-d965ccfc6d4b" outcome="Passed" testListId="8c84fa94-04c1-424b-9868-57a2d4851a1d" relativeResultsDirectory="73e8fb42-4539-4e06-8b24-2a4101da0fcb" />
    <UnitTestResult executionId="603c20cc-0431-42bd-95a4-4a6f29dc19b6" testId="c4369302-c56f-44fb-3f23-b1c04be4c3a7" testName="IsRegExMatchIntegration (&quot;foo&quot;,null,False)" computerName="fv-az1712-986" duration="00:00:00.0000152" startTime="2025-04-12T04:47:39.6031419+00:00" endTime="2025-04-12T04:47:39.6033475+00:00" testType="13cdc9d9-ddb5-4fa4-a97d-d965ccfc6d4b" outcome="Passed" testListId="8c84fa94-04c1-424b-9868-57a2d4851a1d" relativeResultsDirectory="603c20cc-0431-42bd-95a4-4a6f29dc19b6" />
    <UnitTestResult executionId="cb9bed4a-39fd-408c-943f-2b0588b6bdf3" testId="30788f73-9233-6c0e-20b9-e5e7738ce25a" testName="IsRegExMatchIntegration (null,null,True)" computerName="fv-az1712-986" duration="00:00:00.0000169" startTime="2025-04-12T04:47:39.6029115+00:00" endTime="2025-04-12T04:47:39.6031015+00:00" testType="13cdc9d9-ddb5-4fa4-a97d-d965ccfc6d4b" outcome="Passed" testListId="8c84fa94-04c1-424b-9868-57a2d4851a1d" relativeResultsDirectory="cb9bed4a-39fd-408c-943f-2b0588b6bdf3" />
    <UnitTestResult executionId="7ff22de9-1cea-4496-9f2a-d25ee4c1f66d" testId="f817e4b5-d075-ea42-49a1-c565a73bb2f9" testName="IsRegExMatchIntegration (&quot;https:///&quot;)" computerName="fv-az1712-986" duration="00:00:00.0104251" startTime="2025-04-12T04:47:33.1159200+00:00" endTime="2025-04-12T04:47:33.1480974+00:00" testType="13cdc9d9-ddb5-4fa4-a97d-d965ccfc6d4b" outcome="Passed" testListId="8c84fa94-04c1-424b-9868-57a2d4851a1d" relativeResultsDirectory="7ff22de9-1cea-4496-9f2a-d25ee4c1f66d" />
    <UnitTestResult executionId="02050d56-2ff3-4103-99cc-2c8775aa7871" testId="0120bcc0-0f50-9225-3552-7c8effeebf0b" testName="IsRegExMatchIntegrationArray (&quot;foo&quot;,null,False)" computerName="fv-az1712-986" duration="00:00:00.0000193" startTime="2025-04-12T04:47:39.6089782+00:00" endTime="2025-04-12T04:47:39.6091926+00:00" testType="13cdc9d9-ddb5-4fa4-a97d-d965ccfc6d4b" outcome="Passed" testListId="8c84fa94-04c1-424b-9868-57a2d4851a1d" relativeResultsDirectory="02050d56-2ff3-4103-99cc-2c8775aa7871" />
    <UnitTestResult executionId="5e74027a-dad2-4e75-a695-c2793b1e8e38" testId="759c33a5-db99-6a11-9dab-1d09f154d970" testName="IsRegExMatchIntegrationArray (&quot;foo&quot;,[],False)" computerName="fv-az1712-986" duration="00:00:00.0001622" startTime="2025-04-12T04:47:39.6067716+00:00" endTime="2025-04-12T04:47:39.6070795+00:00" testType="13cdc9d9-ddb5-4fa4-a97d-d965ccfc6d4b" outcome="Passed" testListId="8c84fa94-04c1-424b-9868-57a2d4851a1d" relativeResultsDirectory="5e74027a-dad2-4e75-a695-c2793b1e8e38" />
    <UnitTestResult executionId="36d1a140-f0a5-43fc-9d6e-23aafba00962" testId="df895dc0-2ccb-846a-e0ae-c35dd3884995" testName="TestMyMiddlewareIntegration (100)" computerName="fv-az1712-986" duration="00:00:08.1163657" startTime="2025-04-12T04:47:39.6111650+00:00" endTime="2025-04-12T04:47:47.8062332+00:00" testType="13cdc9d9-ddb5-4fa4-a97d-d965ccfc6d4b" outcome="Passed" testListId="8c84fa94-04c1-424b-9868-57a2d4851a1d" relativeResultsDirectory="36d1a140-f0a5-43fc-9d6e-23aafba00962">
      <Output>
        <StdOut>dbug: Microsoft.Extensions.Hosting.Internal.Host[1]
      Hosting starting
dbug: Microsoft.AspNetCore.HostFiltering.HostFilteringMiddleware[7]
      Middleware configuration started with options: {AllowedHosts = *, AllowEmptyHosts = True, IncludeFailureMessage = True}
dbug: Microsoft.AspNetCore.HostFiltering.HostFilteringMiddleware[0]
      Wildcard detected, all requests with hosts will be allowed.
warn: Microsoft.AspNetCore.Server.Kestrel.Core.KestrelServer[8]
      The ASP.NET Core developer certificate is not trusted. For information about trusting the ASP.NET Core developer certificate, see https://aka.ms/aspnet/https-trust-dev-cert
info: Microsoft.Hosting.Lifetime[14]
      Now listening on: https://localhost:5426
dbug: Microsoft.AspNetCore.Hosting.Diagnostics[13]
      Loaded hosting startup assembly testhost
info: BlackBytesBox.Routed.RequestFilters.Services.MiddlewareFailurePointService[0]
      No persisted data file found at /home/runner/work/BlackBytesBox.Routed.RequestFilters/BlackBytesBox.Routed.RequestFilters/source/BlackBytesBox.Routed.RequestFilters/BlackBytesBox.Routed.RequestFilters.Tests/bin/Release/net9.0/FailurePointsFilteringMiddleware.json.
info: BlackBytesBox.Routed.RequestFilters.Middleware.FailurePointsFilteringMiddleware[0]
      Successfully loaded persisted data during application startup.
info: Microsoft.Hosting.Lifetime[0]
      Application started. Press Ctrl+C to shut down.
info: Microsoft.Hosting.Lifetime[0]
      Hosting environment: Production
info: Microsoft.Hosting.Lifetime[0]
      Content root path: /home/runner/work/BlackBytesBox.Routed.RequestFilters/BlackBytesBox.Routed.RequestFilters/source/BlackBytesBox.Routed.RequestFilters/BlackBytesBox.Routed.RequestFilters.Tests/bin/Release/net9.0
dbug: Microsoft.AspNetCore.Server.Kestrel.Connections[39]
      Connection id "0HNBPFKHSNOBL" accepted.
dbug: Microsoft.AspNetCore.Server.Kestrel.Connections[1]
      Connection id "0HNBPFKHSNOBL" started.
dbug: Microsoft.AspNetCore.Server.Kestrel.Https.Internal.HttpsConnectionMiddleware[3]
      Connection 0HNBPFKHSNOBL established using the following protocol: Tls13
info: Microsoft.AspNetCore.Hosting.Diagnostics[1]
      Request starting HTTP/1.1 GET https://localhost:5426/home - - -
trce: Microsoft.AspNetCore.HostFiltering.HostFilteringMiddleware[2]
      All hosts are allowed.
dbug: Microsoft.AspNetCore.Routing.Matching.DfaMatcher[1001]
      1 candidate(s) found for the request path '/home'
dbug: Microsoft.AspNetCore.Routing.EndpointRoutingMiddleware[1]
      Request matched endpoint 'HTTP: GET /home'
trce: Microsoft.AspNetCore.Routing.EndpointRoutingMiddleware[8]
      The endpoint does not specify the IRequestSizeLimitMetadata.
dbug: BlackBytesBox.Routed.RequestFilters.Middleware.RemoteIPFilteringMiddleware[0]
      Allowed: RemoteIpAddress '::1' - continuing.
dbug: BlackBytesBox.Routed.RequestFilters.Middleware.CIDRFilteringMiddleware[0]
      Bypassing CIDR filtering for localhost.
dbug: BlackBytesBox.Routed.RequestFilters.Middleware.SegmentFilteringMiddleware[0]
      Whitelisted continue: URL segments 'https://localhost:5426/home' matched whitelisted pattern *.
dbug: BlackBytesBox.Routed.RequestFilters.Middleware.FailurePointsFilteringMiddleware[0]
      Allowed: IP '::1' with 0 failures - continuing.
info: Microsoft.AspNetCore.Routing.EndpointMiddleware[0]
      Executing endpoint 'HTTP: GET /home'
info: Microsoft.AspNetCore.Routing.EndpointMiddleware[1]
      Executed endpoint 'HTTP: GET /home'
dbug: Microsoft.AspNetCore.Server.Kestrel.Connections[9]
      Connection id "0HNBPFKHSNOBL" completed keep alive response.
info: Microsoft.AspNetCore.Hosting.Diagnostics[2]
      Request finished HTTP/1.1 GET https://localhost:5426/home - 200 - - 5.8386ms
info: Microsoft.AspNetCore.Hosting.Diagnostics[1]
      Request starting HTTP/1.1 GET https://localhost:5426/home/fooa - - -
trce: Microsoft.AspNetCore.HostFiltering.HostFilteringMiddleware[2]
      All hosts are allowed.
dbug: Microsoft.AspNetCore.Routing.Matching.DfaMatcher[1001]
      1 candidate(s) found for the request path '/home/fooa'
dbug: Microsoft.AspNetCore.Routing.EndpointRoutingMiddleware[1]
      Request matched endpoint 'HTTP: GET /home/fooa'
trce: Microsoft.AspNetCore.Routing.EndpointRoutingMiddleware[8]
      The endpoint does not specify the IRequestSizeLimitMetadata.
dbug: BlackBytesBox.Routed.RequestFilters.Middleware.RemoteIPFilteringMiddleware[0]
      Allowed: RemoteIpAddress '::1' - continuing.
dbug: BlackBytesBox.Routed.RequestFilters.Middleware.CIDRFilteringMiddleware[0]
      Bypassing CIDR filtering for localhost.
dbug: BlackBytesBox.Routed.RequestFilters.Middleware.SegmentFilteringMiddleware[0]
      Whitelisted continue: URL segments 'https://localhost:5426/home/fooa' matched whitelisted pattern *.
dbug: BlackBytesBox.Routed.RequestFilters.Middleware.FailurePointsFilteringMiddleware[0]
      Allowed: IP '::1' with 0 failures - continuing.
info: Microsoft.AspNetCore.Routing.EndpointMiddleware[0]
      Executing endpoint 'HTTP: GET /home/fooa'
info: Microsoft.AspNetCore.Routing.EndpointMiddleware[1]
      Executed endpoint 'HTTP: GET /home/fooa'
dbug: Microsoft.AspNetCore.Server.Kestrel.Connections[9]
      Connection id "0HNBPFKHSNOBL" completed keep alive response.
info: Microsoft.AspNetCore.Hosting.Diagnostics[2]
      Request finished HTTP/1.1 GET https://localhost:5426/home/fooa - 200 - - 1.2043ms
info: Microsoft.AspNetCore.Hosting.Diagnostics[1]
      Request starting HTTP/1.1 GET https://localhost:5426/ - - -
trce: Microsoft.AspNetCore.HostFiltering.HostFilteringMiddleware[2]
      All hosts are allowed.
dbug: Microsoft.AspNetCore.Routing.Matching.DfaMatcher[1001]
      1 candidate(s) found for the request path '/'
dbug: Microsoft.AspNetCore.Routing.EndpointRoutingMiddleware[1]
      Request matched endpoint 'HTTP: GET /'
trce: Microsoft.AspNetCore.Routing.EndpointRoutingMiddleware[8]
      The endpoint does not specify the IRequestSizeLimitMetadata.
dbug: BlackBytesBox.Routed.RequestFilters.Middleware.RemoteIPFilteringMiddleware[0]
      Allowed: RemoteIpAddress '::1' - continuing.
dbug: BlackBytesBox.Routed.RequestFilters.Middleware.CIDRFilteringMiddleware[0]
      Bypassing CIDR filtering for localhost.
dbug: BlackBytesBox.Routed.RequestFilters.Middleware.SegmentFilteringMiddleware[0]
      Whitelisted continue: URL segments 'https://localhost:5426/' matched whitelisted pattern *.
dbug: BlackBytesBox.Routed.RequestFilters.Middleware.FailurePointsFilteringMiddleware[0]
      Allowed: IP '::1' with 0 failures - continuing.
info: Microsoft.AspNetCore.Routing.EndpointMiddleware[0]
      Executing endpoint 'HTTP: GET /'
info: Microsoft.AspNetCore.Routing.EndpointMiddleware[1]
      Executed endpoint 'HTTP: GET /'
dbug: Microsoft.AspNetCore.Server.Kestrel.Connections[9]
      Connection id "0HNBPFKHSNOBL" completed keep alive response.
info: Microsoft.AspNetCore.Hosting.Diagnostics[2]
      Request finished HTTP/1.1 GET https://localhost:5426/ - 200 - - 0.4643ms
info: Microsoft.AspNetCore.Hosting.Diagnostics[1]
      Request starting HTTP/1.1 GET https://localhost:5426/ - - -
trce: Microsoft.AspNetCore.HostFiltering.HostFilteringMiddleware[2]
      All hosts are allowed.
dbug: Microsoft.AspNetCore.Routing.Matching.DfaMatcher[1001]
      1 candidate(s) found for the request path '/'
dbug: Microsoft.AspNetCore.Routing.EndpointRoutingMiddleware[1]
      Request matched endpoint 'HTTP: GET /'
trce: Microsoft.AspNetCore.Routing.EndpointRoutingMiddleware[8]
      The endpoint does not specify the IRequestSizeLimitMetadata.
dbug: BlackBytesBox.Routed.RequestFilters.Middleware.RemoteIPFilteringMiddleware[0]
      Allowed: RemoteIpAddress '::1' - continuing.
dbug: BlackBytesBox.Routed.RequestFilters.Middleware.CIDRFilteringMiddleware[0]
      Bypassing CIDR filtering for localhost.
dbug: BlackBytesBox.Routed.RequestFilters.Middleware.SegmentFilteringMiddleware[0]
      Whitelisted continue: URL segments 'https://localhost:5426/' matched whitelisted pattern *.
dbug: BlackBytesBox.Routed.RequestFilters.Middleware.FailurePointsFilteringMiddleware[0]
      Allowed: IP '::1' with 0 failures - continuing.
info: Microsoft.AspNetCore.Routing.EndpointMiddleware[0]
      Executing endpoint 'HTTP: GET /'
info: Microsoft.AspNetCore.Routing.EndpointMiddleware[1]
      Executed endpoint 'HTTP: GET /'
dbug: Microsoft.AspNetCore.Server.Kestrel.Connections[9]
      Connection id "0HNBPFKHSNOBL" completed keep alive response.
info: Microsoft.AspNetCore.Hosting.Diagnostics[2]
      Request finished HTTP/1.1 GET https://localhost:5426/ - 200 - - 0.4848ms
dbug: Microsoft.AspNetCore.Server.Kestrel.Transport.Sockets[6]
      Connection id "0HNBPFKHSNOBL" received FIN.
dbug: Microsoft.AspNetCore.Server.Kestrel.Transport.Sockets[7]
      Connection id "0HNBPFKHSNOBL" sending FIN because: "The Socket transport's send loop completed gracefully."
dbug: Microsoft.AspNetCore.Server.Kestrel.Connections[10]
      Connection id "0HNBPFKHSNOBL" disconnecting.
dbug: Microsoft.AspNetCore.Server.Kestrel.Connections[2]
      Connection id "0HNBPFKHSNOBL" stopped.
dbug: Microsoft.Extensions.Hosting.Internal.Host[3]
      Hosting stopping
info: BlackBytesBox.Routed.RequestFilters.Services.MiddlewareFailurePointService[0]
      Dumped failure point data to JSON file at /home/runner/work/BlackBytesBox.Routed.RequestFilters/BlackBytesBox.Routed.RequestFilters/source/BlackBytesBox.Routed.RequestFilters/BlackBytesBox.Routed.RequestFilters.Tests/bin/Release/net9.0/FailurePointsFilteringMiddleware.json
info: BlackBytesBox.Routed.RequestFilters.Middleware.FailurePointsFilteringMiddleware[0]
      Successfully dumped all data during application shutdown.
info: Microsoft.Hosting.Lifetime[0]
      Application is shutting down...
dbug: Microsoft.Extensions.Hosting.Internal.Host[4]
      Hosting stopped</StdOut>
      </Output>
    </UnitTestResult>
    <UnitTestResult executionId="a905466c-f840-45b0-a2cf-6fd8e79a583b" testId="f59ea59b-b653-47f6-0ef9-de66dfc6c68e" testName="IsRegExMatchIntegrationArray (null,[null,&quot;&quot;,&quot;*&quot;,&quot;test&quot;],True)" computerName="fv-az1712-986" duration="00:00:00.0000283" startTime="2025-04-12T04:47:39.6094633+00:00" endTime="2025-04-12T04:47:39.6099242+00:00" testType="13cdc9d9-ddb5-4fa4-a97d-d965ccfc6d4b" outcome="Passed" testListId="8c84fa94-04c1-424b-9868-57a2d4851a1d" relativeResultsDirectory="a905466c-f840-45b0-a2cf-6fd8e79a583b" />
    <UnitTestResult executionId="af9d9549-3b2f-4fea-80a4-eddaaac563c9" testId="8332f7eb-6df6-17fa-7e37-7e0b63579e68" testName="IsRegExMatchIntegration (&quot;bar&quot;,&quot;b?r&quot;,True)" computerName="fv-az1712-986" duration="00:00:00.0005966" startTime="2025-04-12T04:47:39.6017901+00:00" endTime="2025-04-12T04:47:39.6028306+00:00" testType="13cdc9d9-ddb5-4fa4-a97d-d965ccfc6d4b" outcome="Passed" testListId="8c84fa94-04c1-424b-9868-57a2d4851a1d" relativeResultsDirectory="af9d9549-3b2f-4fea-80a4-eddaaac563c9" />
    <UnitTestResult executionId="655ec670-78ca-409d-9818-9829b0ed0dcc" testId="f59ea59b-b653-47f6-0ef9-de66dfc6c68e" testName="IsRegExMatchIntegrationArray (null,[null,&quot;&quot;,&quot;*&quot;,&quot;test&quot;],True)" computerName="fv-az1712-986" duration="00:00:00.0000194" startTime="2025-04-12T04:47:39.6099641+00:00" endTime="2025-04-12T04:47:39.6101779+00:00" testType="13cdc9d9-ddb5-4fa4-a97d-d965ccfc6d4b" outcome="Passed" testListId="8c84fa94-04c1-424b-9868-57a2d4851a1d" relativeResultsDirectory="655ec670-78ca-409d-9818-9829b0ed0dcc" />
    <UnitTestResult executionId="05da4677-08d3-4c25-81a5-36411b9f7996" testId="d2c42fa7-f2dc-ae5f-b261-27521ecdf3d0" testName="IsRegExMatchIntegrationArray (&quot;&quot;,[null,&quot;&quot;,&quot;*&quot;,&quot;test&quot;],True)" computerName="fv-az1712-986" duration="00:00:00.0000230" startTime="2025-04-12T04:47:39.6102183+00:00" endTime="2025-04-12T04:47:39.6104587+00:00" testType="13cdc9d9-ddb5-4fa4-a97d-d965ccfc6d4b" outcome="Passed" testListId="8c84fa94-04c1-424b-9868-57a2d4851a1d" relativeResultsDirectory="05da4677-08d3-4c25-81a5-36411b9f7996" />
    <UnitTestResult executionId="a5fd740e-5a46-4ff5-b837-018698ce7c0c" testId="d4acf9d4-6034-e355-5f26-7bf6f871a988" testName="IsRegExMatchIntegration (&quot;dynx&quot;,&quot;*dyn*&quot;,True)" computerName="fv-az1712-986" duration="00:00:00.0000204" startTime="2025-04-12T04:47:39.6038985+00:00" endTime="2025-04-12T04:47:39.6040646+00:00" testType="13cdc9d9-ddb5-4fa4-a97d-d965ccfc6d4b" outcome="Passed" testListId="8c84fa94-04c1-424b-9868-57a2d4851a1d" relativeResultsDirectory="a5fd740e-5a46-4ff5-b837-018698ce7c0c" />
    <UnitTestResult executionId="662a19f8-eb17-4328-a600-ad6a0c86ddd5" testId="e69d8f5b-d313-f04f-5932-a62b3c1372d8" testName="IsRegExMatchIntegration (null,&quot;*&quot;,False)" computerName="fv-az1712-986" duration="00:00:00.0000163" startTime="2025-04-12T04:47:39.6034022+00:00" endTime="2025-04-12T04:47:39.6035933+00:00" testType="13cdc9d9-ddb5-4fa4-a97d-d965ccfc6d4b" outcome="Passed" testListId="8c84fa94-04c1-424b-9868-57a2d4851a1d" relativeResultsDirectory="662a19f8-eb17-4328-a600-ad6a0c86ddd5" />
  </Results>
  <TestDefinitions>
    <UnitTest name="IsRegExMatchIntegration (&quot;bar&quot;,&quot;b?r&quot;,True)" storage="/home/runner/work/blackbytesbox.routed.requestfilters/blackbytesbox.routed.requestfilters/source/blackbytesbox.routed.requestfilters/blackbytesbox.routed.requestfilters.tests/bin/release/net9.0/blackbytesbox.routed.requestfilters.tests.dll" id="8332f7eb-6df6-17fa-7e37-7e0b63579e68">
      <Execution id="af9d9549-3b2f-4fea-80a4-eddaaac563c9" />
      <TestMethod codeBase="/home/runner/work/BlackBytesBox.Routed.RequestFilters/BlackBytesBox.Routed.RequestFilters/source/BlackBytesBox.Routed.RequestFilters/BlackBytesBox.Routed.RequestFilters.Tests/bin/Release/net9.0/BlackBytesBox.Routed.RequestFilters.Tests.dll" adapterTypeName="executor://mstestadapter/v2" className="BlackBytesBox.Routed.RequestFilters.Tests.RegExTests" name="IsRegExMatchIntegration" />
    </UnitTest>
    <UnitTest name="IsRegExMatchIntegrationArray (&quot;foo&quot;,null,False)" storage="/home/runner/work/blackbytesbox.routed.requestfilters/blackbytesbox.routed.requestfilters/source/blackbytesbox.routed.requestfilters/blackbytesbox.routed.requestfilters.tests/bin/release/net9.0/blackbytesbox.routed.requestfilters.tests.dll" id="0120bcc0-0f50-9225-3552-7c8effeebf0b">
      <Execution id="02050d56-2ff3-4103-99cc-2c8775aa7871" />
      <TestMethod codeBase="/home/runner/work/BlackBytesBox.Routed.RequestFilters/BlackBytesBox.Routed.RequestFilters/source/BlackBytesBox.Routed.RequestFilters/BlackBytesBox.Routed.RequestFilters.Tests/bin/Release/net9.0/BlackBytesBox.Routed.RequestFilters.Tests.dll" adapterTypeName="executor://mstestadapter/v2" className="BlackBytesBox.Routed.RequestFilters.Tests.RegExTests" name="IsRegExMatchIntegrationArray" />
    </UnitTest>
    <UnitTest name="IsRegExMatchIntegration (&quot;dynx&quot;,&quot;*dyn*&quot;,True)" storage="/home/runner/work/blackbytesbox.routed.requestfilters/blackbytesbox.routed.requestfilters/source/blackbytesbox.routed.requestfilters/blackbytesbox.routed.requestfilters.tests/bin/release/net9.0/blackbytesbox.routed.requestfilters.tests.dll" id="d4acf9d4-6034-e355-5f26-7bf6f871a988">
      <Execution id="a5fd740e-5a46-4ff5-b837-018698ce7c0c" />
      <TestMethod codeBase="/home/runner/work/BlackBytesBox.Routed.RequestFilters/BlackBytesBox.Routed.RequestFilters/source/BlackBytesBox.Routed.RequestFilters/BlackBytesBox.Routed.RequestFilters.Tests/bin/Release/net9.0/BlackBytesBox.Routed.RequestFilters.Tests.dll" adapterTypeName="executor://mstestadapter/v2" className="BlackBytesBox.Routed.RequestFilters.Tests.RegExTests" name="IsRegExMatchIntegration" />
    </UnitTest>
    <UnitTest name="IsRegExMatchIntegration (&quot;ydyn&quot;,&quot;*dyn*&quot;,True)" storage="/home/runner/work/blackbytesbox.routed.requestfilters/blackbytesbox.routed.requestfilters/source/blackbytesbox.routed.requestfilters/blackbytesbox.routed.requestfilters.tests/bin/release/net9.0/blackbytesbox.routed.requestfilters.tests.dll" id="b292e116-23cd-95df-84c9-ccd9206c29c3">
      <Execution id="87803b53-81fe-41ad-a57b-b2f948f88275" />
      <TestMethod codeBase="/home/runner/work/BlackBytesBox.Routed.RequestFilters/BlackBytesBox.Routed.RequestFilters/source/BlackBytesBox.Routed.RequestFilters/BlackBytesBox.Routed.RequestFilters.Tests/bin/Release/net9.0/BlackBytesBox.Routed.RequestFilters.Tests.dll" adapterTypeName="executor://mstestadapter/v2" className="BlackBytesBox.Routed.RequestFilters.Tests.RegExTests" name="IsRegExMatchIntegration" />
    </UnitTest>
    <UnitTest name="IsRegExMatchIntegration (null,&quot;*&quot;,False)" storage="/home/runner/work/blackbytesbox.routed.requestfilters/blackbytesbox.routed.requestfilters/source/blackbytesbox.routed.requestfilters/blackbytesbox.routed.requestfilters.tests/bin/release/net9.0/blackbytesbox.routed.requestfilters.tests.dll" id="e69d8f5b-d313-f04f-5932-a62b3c1372d8">
      <Execution id="662a19f8-eb17-4328-a600-ad6a0c86ddd5" />
      <TestMethod codeBase="/home/runner/work/BlackBytesBox.Routed.RequestFilters/BlackBytesBox.Routed.RequestFilters/source/BlackBytesBox.Routed.RequestFilters/BlackBytesBox.Routed.RequestFilters.Tests/bin/Release/net9.0/BlackBytesBox.Routed.RequestFilters.Tests.dll" adapterTypeName="executor://mstestadapter/v2" className="BlackBytesBox.Routed.RequestFilters.Tests.RegExTests" name="IsRegExMatchIntegration" />
    </UnitTest>
    <UnitTest name="IsRegExMatchIntegrationArray (&quot;&quot;,[null,&quot;&quot;,&quot;*&quot;,&quot;test&quot;],True)" storage="/home/runner/work/blackbytesbox.routed.requestfilters/blackbytesbox.routed.requestfilters/source/blackbytesbox.routed.requestfilters/blackbytesbox.routed.requestfilters.tests/bin/release/net9.0/blackbytesbox.routed.requestfilters.tests.dll" id="d2c42fa7-f2dc-ae5f-b261-27521ecdf3d0">
      <Execution id="05da4677-08d3-4c25-81a5-36411b9f7996" />
      <TestMethod codeBase="/home/runner/work/BlackBytesBox.Routed.RequestFilters/BlackBytesBox.Routed.RequestFilters/source/BlackBytesBox.Routed.RequestFilters/BlackBytesBox.Routed.RequestFilters.Tests/bin/Release/net9.0/BlackBytesBox.Routed.RequestFilters.Tests.dll" adapterTypeName="executor://mstestadapter/v2" className="BlackBytesBox.Routed.RequestFilters.Tests.RegExTests" name="IsRegExMatchIntegrationArray" />
    </UnitTest>
    <UnitTest name="IsRegExMatchIntegration (null,null,True)" storage="/home/runner/work/blackbytesbox.routed.requestfilters/blackbytesbox.routed.requestfilters/source/blackbytesbox.routed.requestfilters/blackbytesbox.routed.requestfilters.tests/bin/release/net9.0/blackbytesbox.routed.requestfilters.tests.dll" id="30788f73-9233-6c0e-20b9-e5e7738ce25a">
      <Execution id="cb9bed4a-39fd-408c-943f-2b0588b6bdf3" />
      <TestMethod codeBase="/home/runner/work/BlackBytesBox.Routed.RequestFilters/BlackBytesBox.Routed.RequestFilters/source/BlackBytesBox.Routed.RequestFilters/BlackBytesBox.Routed.RequestFilters.Tests/bin/Release/net9.0/BlackBytesBox.Routed.RequestFilters.Tests.dll" adapterTypeName="executor://mstestadapter/v2" className="BlackBytesBox.Routed.RequestFilters.Tests.RegExTests" name="IsRegExMatchIntegration" />
    </UnitTest>
    <UnitTest name="IsRegExMatchIntegrationArray (&quot;foo&quot;,[],False)" storage="/home/runner/work/blackbytesbox.routed.requestfilters/blackbytesbox.routed.requestfilters/source/blackbytesbox.routed.requestfilters/blackbytesbox.routed.requestfilters.tests/bin/release/net9.0/blackbytesbox.routed.requestfilters.tests.dll" id="759c33a5-db99-6a11-9dab-1d09f154d970">
      <Execution id="0e07f116-a8d6-4df6-b3fe-52fe547ee1ea" />
      <TestMethod codeBase="/home/runner/work/BlackBytesBox.Routed.RequestFilters/BlackBytesBox.Routed.RequestFilters/source/BlackBytesBox.Routed.RequestFilters/BlackBytesBox.Routed.RequestFilters.Tests/bin/Release/net9.0/BlackBytesBox.Routed.RequestFilters.Tests.dll" adapterTypeName="executor://mstestadapter/v2" className="BlackBytesBox.Routed.RequestFilters.Tests.RegExTests" name="IsRegExMatchIntegrationArray" />
    </UnitTest>
    <UnitTest name="IsRegExMatchIntegrationArray (null,[null,&quot;&quot;,&quot;*&quot;,&quot;test&quot;],True)" storage="/home/runner/work/blackbytesbox.routed.requestfilters/blackbytesbox.routed.requestfilters/source/blackbytesbox.routed.requestfilters/blackbytesbox.routed.requestfilters.tests/bin/release/net9.0/blackbytesbox.routed.requestfilters.tests.dll" id="f59ea59b-b653-47f6-0ef9-de66dfc6c68e">
      <Execution id="a905466c-f840-45b0-a2cf-6fd8e79a583b" />
      <TestMethod codeBase="/home/runner/work/BlackBytesBox.Routed.RequestFilters/BlackBytesBox.Routed.RequestFilters/source/BlackBytesBox.Routed.RequestFilters/BlackBytesBox.Routed.RequestFilters.Tests/bin/Release/net9.0/BlackBytesBox.Routed.RequestFilters.Tests.dll" adapterTypeName="executor://mstestadapter/v2" className="BlackBytesBox.Routed.RequestFilters.Tests.RegExTests" name="IsRegExMatchIntegrationArray" />
    </UnitTest>
    <UnitTest name="TestMyMiddlewareIntegration (100)" storage="/home/runner/work/blackbytesbox.routed.requestfilters/blackbytesbox.routed.requestfilters/source/blackbytesbox.routed.requestfilters/blackbytesbox.routed.requestfilters.tests/bin/release/net9.0/blackbytesbox.routed.requestfilters.tests.dll" id="df895dc0-2ccb-846a-e0ae-c35dd3884995">
      <Execution id="36d1a140-f0a5-43fc-9d6e-23aafba00962" />
      <TestMethod codeBase="/home/runner/work/BlackBytesBox.Routed.RequestFilters/BlackBytesBox.Routed.RequestFilters/source/BlackBytesBox.Routed.RequestFilters/BlackBytesBox.Routed.RequestFilters.Tests/bin/Release/net9.0/BlackBytesBox.Routed.RequestFilters.Tests.dll" adapterTypeName="executor://mstestadapter/v2" className="BlackBytesBox.Routed.RequestFilters.Tests.SegmentFilteringMiddlewareIntegrationTests" name="TestMyMiddlewareIntegration" />
    </UnitTest>
    <UnitTest name="TestMyMiddlewareIntegration (100)" storage="/home/runner/work/blackbytesbox.routed.requestfilters/blackbytesbox.routed.requestfilters/source/blackbytesbox.routed.requestfilters/blackbytesbox.routed.requestfilters.tests/bin/release/net9.0/blackbytesbox.routed.requestfilters.tests.dll" id="efa609d9-2713-7b15-e1c9-c215aa9fed49">
      <Execution id="a359a9ff-efe7-4a4c-9eba-c846a4f9e126" />
      <TestMethod codeBase="/home/runner/work/BlackBytesBox.Routed.RequestFilters/BlackBytesBox.Routed.RequestFilters/source/BlackBytesBox.Routed.RequestFilters/BlackBytesBox.Routed.RequestFilters.Tests/bin/Release/net9.0/BlackBytesBox.Routed.RequestFilters.Tests.dll" adapterTypeName="executor://mstestadapter/v2" className="BlackBytesBox.Routed.RequestFilters.Tests.MyMiddlewareIntegrationTests" name="TestMyMiddlewareIntegration" />
    </UnitTest>
    <UnitTest name="IsRegExMatchIntegration (&quot;https:///&quot;)" storage="/home/runner/work/blackbytesbox.routed.requestfilters/blackbytesbox.routed.requestfilters/source/blackbytesbox.routed.requestfilters/blackbytesbox.routed.requestfilters.tests/bin/release/net9.0/blackbytesbox.routed.requestfilters.tests.dll" id="f817e4b5-d075-ea42-49a1-c565a73bb2f9">
      <Execution id="7ff22de9-1cea-4496-9f2a-d25ee4c1f66d" />
      <TestMethod codeBase="/home/runner/work/BlackBytesBox.Routed.RequestFilters/BlackBytesBox.Routed.RequestFilters/source/BlackBytesBox.Routed.RequestFilters/BlackBytesBox.Routed.RequestFilters.Tests/bin/Release/net9.0/BlackBytesBox.Routed.RequestFilters.Tests.dll" adapterTypeName="executor://mstestadapter/v2" className="BlackBytesBox.Routed.RequestFilters.Tests.ContextTests" name="IsRegExMatchIntegration" />
    </UnitTest>
    <UnitTest name="IsRegExMatchIntegration (&quot;foo&quot;,null,False)" storage="/home/runner/work/blackbytesbox.routed.requestfilters/blackbytesbox.routed.requestfilters/source/blackbytesbox.routed.requestfilters/blackbytesbox.routed.requestfilters.tests/bin/release/net9.0/blackbytesbox.routed.requestfilters.tests.dll" id="c4369302-c56f-44fb-3f23-b1c04be4c3a7">
      <Execution id="603c20cc-0431-42bd-95a4-4a6f29dc19b6" />
      <TestMethod codeBase="/home/runner/work/BlackBytesBox.Routed.RequestFilters/BlackBytesBox.Routed.RequestFilters/source/BlackBytesBox.Routed.RequestFilters/BlackBytesBox.Routed.RequestFilters.Tests/bin/Release/net9.0/BlackBytesBox.Routed.RequestFilters.Tests.dll" adapterTypeName="executor://mstestadapter/v2" className="BlackBytesBox.Routed.RequestFilters.Tests.RegExTests" name="IsRegExMatchIntegration" />
    </UnitTest>
    <UnitTest name="IsRegExMatchIntegration (&quot;foo&quot;,&quot;*&quot;,True)" storage="/home/runner/work/blackbytesbox.routed.requestfilters/blackbytesbox.routed.requestfilters/source/blackbytesbox.routed.requestfilters/blackbytesbox.routed.requestfilters.tests/bin/release/net9.0/blackbytesbox.routed.requestfilters.tests.dll" id="d7957730-df21-c691-a538-93b2799dc829">
      <Execution id="73e8fb42-4539-4e06-8b24-2a4101da0fcb" />
      <TestMethod codeBase="/home/runner/work/BlackBytesBox.Routed.RequestFilters/BlackBytesBox.Routed.RequestFilters/source/BlackBytesBox.Routed.RequestFilters/BlackBytesBox.Routed.RequestFilters.Tests/bin/Release/net9.0/BlackBytesBox.Routed.RequestFilters.Tests.dll" adapterTypeName="executor://mstestadapter/v2" className="BlackBytesBox.Routed.RequestFilters.Tests.RegExTests" name="IsRegExMatchIntegration" />
    </UnitTest>
    <UnitTest name="IsRegExMatchIntegrationArray (&quot;foo&quot;,[&quot;*f*&quot;,&quot;*o&quot;,&quot;o&quot;],True)" storage="/home/runner/work/blackbytesbox.routed.requestfilters/blackbytesbox.routed.requestfilters/source/blackbytesbox.routed.requestfilters/blackbytesbox.routed.requestfilters.tests/bin/release/net9.0/blackbytesbox.routed.requestfilters.tests.dll" id="eb8d22a9-258a-b1b2-581a-c04af435eac0">
      <Execution id="def02f80-7ac9-4981-95e8-773645ceb6f6" />
      <TestMethod codeBase="/home/runner/work/BlackBytesBox.Routed.RequestFilters/BlackBytesBox.Routed.RequestFilters/source/BlackBytesBox.Routed.RequestFilters/BlackBytesBox.Routed.RequestFilters.Tests/bin/Release/net9.0/BlackBytesBox.Routed.RequestFilters.Tests.dll" adapterTypeName="executor://mstestadapter/v2" className="BlackBytesBox.Routed.RequestFilters.Tests.RegExTests" name="IsRegExMatchIntegrationArray" />
    </UnitTest>
    <UnitTest name="IsRegExMatchIntegrationArray (&quot;CRITFORGE.COM&quot;,[&quot;critforge.com&quot;],True)" storage="/home/runner/work/blackbytesbox.routed.requestfilters/blackbytesbox.routed.requestfilters/source/blackbytesbox.routed.requestfilters/blackbytesbox.routed.requestfilters.tests/bin/release/net9.0/blackbytesbox.routed.requestfilters.tests.dll" id="89e140d1-765f-6ef4-2832-7f7040788513">
      <Execution id="cd4837c5-39a0-4181-8925-82053f580cde" />
      <TestMethod codeBase="/home/runner/work/BlackBytesBox.Routed.RequestFilters/BlackBytesBox.Routed.RequestFilters/source/BlackBytesBox.Routed.RequestFilters/BlackBytesBox.Routed.RequestFilters.Tests/bin/Release/net9.0/BlackBytesBox.Routed.RequestFilters.Tests.dll" adapterTypeName="executor://mstestadapter/v2" className="BlackBytesBox.Routed.RequestFilters.Tests.RegExTests" name="IsRegExMatchIntegrationArray" />
    </UnitTest>
  </TestDefinitions>
  <TestEntries>
    <TestEntry testId="759c33a5-db99-6a11-9dab-1d09f154d970" executionId="8416438a-f72e-4da5-a5ff-e25270a32eca" testListId="8c84fa94-04c1-424b-9868-57a2d4851a1d" />
    <TestEntry testId="759c33a5-db99-6a11-9dab-1d09f154d970" executionId="0e07f116-a8d6-4df6-b3fe-52fe547ee1ea" testListId="8c84fa94-04c1-424b-9868-57a2d4851a1d" />
    <TestEntry testId="eb8d22a9-258a-b1b2-581a-c04af435eac0" executionId="def02f80-7ac9-4981-95e8-773645ceb6f6" testListId="8c84fa94-04c1-424b-9868-57a2d4851a1d" />
    <TestEntry testId="efa609d9-2713-7b15-e1c9-c215aa9fed49" executionId="a359a9ff-efe7-4a4c-9eba-c846a4f9e126" testListId="8c84fa94-04c1-424b-9868-57a2d4851a1d" />
    <TestEntry testId="89e140d1-765f-6ef4-2832-7f7040788513" executionId="cd4837c5-39a0-4181-8925-82053f580cde" testListId="8c84fa94-04c1-424b-9868-57a2d4851a1d" />
    <TestEntry testId="b292e116-23cd-95df-84c9-ccd9206c29c3" executionId="87803b53-81fe-41ad-a57b-b2f948f88275" testListId="8c84fa94-04c1-424b-9868-57a2d4851a1d" />
    <TestEntry testId="d7957730-df21-c691-a538-93b2799dc829" executionId="73e8fb42-4539-4e06-8b24-2a4101da0fcb" testListId="8c84fa94-04c1-424b-9868-57a2d4851a1d" />
    <TestEntry testId="c4369302-c56f-44fb-3f23-b1c04be4c3a7" executionId="603c20cc-0431-42bd-95a4-4a6f29dc19b6" testListId="8c84fa94-04c1-424b-9868-57a2d4851a1d" />
    <TestEntry testId="30788f73-9233-6c0e-20b9-e5e7738ce25a" executionId="cb9bed4a-39fd-408c-943f-2b0588b6bdf3" testListId="8c84fa94-04c1-424b-9868-57a2d4851a1d" />
    <TestEntry testId="f817e4b5-d075-ea42-49a1-c565a73bb2f9" executionId="7ff22de9-1cea-4496-9f2a-d25ee4c1f66d" testListId="8c84fa94-04c1-424b-9868-57a2d4851a1d" />
    <TestEntry testId="0120bcc0-0f50-9225-3552-7c8effeebf0b" executionId="02050d56-2ff3-4103-99cc-2c8775aa7871" testListId="8c84fa94-04c1-424b-9868-57a2d4851a1d" />
    <TestEntry testId="759c33a5-db99-6a11-9dab-1d09f154d970" executionId="5e74027a-dad2-4e75-a695-c2793b1e8e38" testListId="8c84fa94-04c1-424b-9868-57a2d4851a1d" />
    <TestEntry testId="df895dc0-2ccb-846a-e0ae-c35dd3884995" executionId="36d1a140-f0a5-43fc-9d6e-23aafba00962" testListId="8c84fa94-04c1-424b-9868-57a2d4851a1d" />
    <TestEntry testId="f59ea59b-b653-47f6-0ef9-de66dfc6c68e" executionId="a905466c-f840-45b0-a2cf-6fd8e79a583b" testListId="8c84fa94-04c1-424b-9868-57a2d4851a1d" />
    <TestEntry testId="8332f7eb-6df6-17fa-7e37-7e0b63579e68" executionId="af9d9549-3b2f-4fea-80a4-eddaaac563c9" testListId="8c84fa94-04c1-424b-9868-57a2d4851a1d" />
    <TestEntry testId="f59ea59b-b653-47f6-0ef9-de66dfc6c68e" executionId="655ec670-78ca-409d-9818-9829b0ed0dcc" testListId="8c84fa94-04c1-424b-9868-57a2d4851a1d" />
    <TestEntry testId="d2c42fa7-f2dc-ae5f-b261-27521ecdf3d0" executionId="05da4677-08d3-4c25-81a5-36411b9f7996" testListId="8c84fa94-04c1-424b-9868-57a2d4851a1d" />
    <TestEntry testId="d4acf9d4-6034-e355-5f26-7bf6f871a988" executionId="a5fd740e-5a46-4ff5-b837-018698ce7c0c" testListId="8c84fa94-04c1-424b-9868-57a2d4851a1d" />
    <TestEntry testId="e69d8f5b-d313-f04f-5932-a62b3c1372d8" executionId="662a19f8-eb17-4328-a600-ad6a0c86ddd5" testListId="8c84fa94-04c1-424b-9868-57a2d4851a1d" />
  </TestEntries>
  <TestLists>
    <TestList name="Results Not in a List" id="8c84fa94-04c1-424b-9868-57a2d4851a1d" />
    <TestList name="All Loaded Results" id="19431567-8539-422a-85d7-44ee4e166bda" />
  </TestLists>
  <ResultSummary outcome="Completed">
    <Counters total="19" executed="19" passed="19" failed="0" error="0" timeout="0" aborted="0" inconclusive="0" passedButRunAborted="0" notRunnable="0" notExecuted="0" disconnected="0" warning="0" completed="0" inProgress="0" pending="0" />
  </ResultSummary>
</TestRun>